C:\Users\ADITYA GUPTA\Downloads\DEP_main\SkyWatch\backend\venv\lib\site-packages\timm\models\layers\__init__.py:49: FutureWarning: Importing from timm.models.layers is deprecated, please import via timm.layers
  warnings.warn(f"Importing from {__name__} is deprecated, please import via timm.layers", FutureWarning)
C:\Users\ADITYA GUPTA\Downloads\DEP_main\SkyWatch\backend\venv\lib\site-packages\timm\models\registry.py:4: FutureWarning: Importing from timm.models.registry is deprecated, please import via timm.models
  warnings.warn(f"Importing from {__name__} is deprecated, please import via timm.models", FutureWarning)
[StreamProcessor] Local file source: /media/videos/droneVid2.mp4  loop=True
[StreamProcessor] Target FPS: 5  Model: sdnet
[SDNet] Loading model on cuda...
[SDNet] Model loaded successfully.
[StreamProcessor] Error: could not open source: /media/videos/droneVid2.mp4
[StreamProcessor] Released video capture.
C:\Users\ADITYA GUPTA\Downloads\DEP_main\SkyWatch\backend\venv\lib\site-packages\timm\models\layers\__init__.py:49: FutureWarning: Importing from timm.models.layers is deprecated, please import via timm.layers
  warnings.warn(f"Importing from {__name__} is deprecated, please import via timm.layers", FutureWarning)
C:\Users\ADITYA GUPTA\Downloads\DEP_main\SkyWatch\backend\venv\lib\site-packages\timm\models\registry.py:4: FutureWarning: Importing from timm.models.registry is deprecated, please import via timm.models
  warnings.warn(f"Importing from {__name__} is deprecated, please import via timm.models", FutureWarning)
[StreamProcessor] Local file source: \media\videos\droneVid2.mp4  loop=True
[StreamProcessor] Target FPS: 5  Model: sdnet
[SDNet] Loading model on cuda...
[SDNet] Model loaded successfully.
[StreamProcessor] Error: could not open source: \media\videos\droneVid2.mp4
[StreamProcessor] Released video capture.
C:\Users\ADITYA GUPTA\Downloads\DEP_main\SkyWatch\backend\venv\lib\site-packages\timm\models\layers\__init__.py:49: FutureWarning: Importing from timm.models.layers is deprecated, please import via timm.layers
  warnings.warn(f"Importing from {__name__} is deprecated, please import via timm.layers", FutureWarning)
C:\Users\ADITYA GUPTA\Downloads\DEP_main\SkyWatch\backend\venv\lib\site-packages\timm\models\registry.py:4: FutureWarning: Importing from timm.models.registry is deprecated, please import via timm.models
  warnings.warn(f"Importing from {__name__} is deprecated, please import via timm.models", FutureWarning)
C:\Users\ADITYA GUPTA\Downloads\DEP_main\SkyWatch\backend\venv\lib\site-packages\timm\models\layers\__init__.py:49: FutureWarning: Importing from timm.models.layers is deprecated, please import via timm.layers
  warnings.warn(f"Importing from {__name__} is deprecated, please import via timm.layers", FutureWarning)
C:\Users\ADITYA GUPTA\Downloads\DEP_main\SkyWatch\backend\venv\lib\site-packages\timm\models\registry.py:4: FutureWarning: Importing from timm.models.registry is deprecated, please import via timm.models
  warnings.warn(f"Importing from {__name__} is deprecated, please import via timm.models", FutureWarning)
C:\Users\ADITYA GUPTA\Downloads\DEP_main\SkyWatch\backend\venv\lib\site-packages\timm\models\layers\__init__.py:49: FutureWarning: Importing from timm.models.layers is deprecated, please import via timm.layers
  warnings.warn(f"Importing from {__name__} is deprecated, please import via timm.layers", FutureWarning)
C:\Users\ADITYA GUPTA\Downloads\DEP_main\SkyWatch\backend\venv\lib\site-packages\timm\models\registry.py:4: FutureWarning: Importing from timm.models.registry is deprecated, please import via timm.models
  warnings.warn(f"Importing from {__name__} is deprecated, please import via timm.models", FutureWarning)
C:\Users\ADITYA GUPTA\Downloads\DEP_main\SkyWatch\backend\venv\lib\site-packages\timm\models\layers\__init__.py:49: FutureWarning: Importing from timm.models.layers is deprecated, please import via timm.layers
  warnings.warn(f"Importing from {__name__} is deprecated, please import via timm.layers", FutureWarning)
C:\Users\ADITYA GUPTA\Downloads\DEP_main\SkyWatch\backend\venv\lib\site-packages\timm\models\registry.py:4: FutureWarning: Importing from timm.models.registry is deprecated, please import via timm.models
  warnings.warn(f"Importing from {__name__} is deprecated, please import via timm.models", FutureWarning)
[StreamProcessor] Local file source: ..\media\videos\droneVid2.mp4  loop=True
[StreamProcessor] Target FPS: 5  Model: sdnet
[SDNet] Loading model on cuda...
[SDNet] Model loaded successfully.
[StreamProcessor] Stream opened successfully.
Frame 1: Headcount 65.0 -> 200
Frame 2: Headcount 65.4 -> 200
Frame 3: Headcount 66.8 -> 200
Frame 4: Headcount 66.0 -> 200
Frame 5: Headcount 64.6 -> 200
Frame 6: Headcount 68.3 -> 200
Frame 7: Headcount 70.5 -> 200
Frame 8: Headcount 71.8 -> 200
Frame 9: Headcount 72.5 -> 200
Frame 10: Headcount 75.2 -> 200
Frame 11: Headcount 76.4 -> 200
Frame 12: Headcount 76.7 -> 200
Frame 13: Headcount 77.4 -> 200
Frame 14: Headcount 77.5 -> 200
Frame 15: Headcount 77.7 -> 200
Frame 16: Headcount 75.2 -> 200
Frame 17: Headcount 74.9 -> 200
Frame 18: Headcount 74.2 -> 200
Frame 19: Headcount 73.1 -> 200
Frame 20: Headcount 70.9 -> 200
Frame 21: Headcount 70.8 -> 200
Frame 22: Headcount 71.0 -> 200
Frame 23: Headcount 72.3 -> 200
Frame 24: Headcount 72.2 -> 200
Frame 25: Headcount 73.5 -> 200
Frame 26: Headcount 72.8 -> 200
Frame 27: Headcount 73.2 -> 200
Frame 28: Headcount 71.9 -> 200
Frame 29: Headcount 70.8 -> 200
Frame 30: Headcount 72.7 -> 200
Frame 31: Headcount 74.8 -> 200
Frame 32: Headcount 77.5 -> 200
Frame 33: Headcount 77.0 -> 200
Frame 34: Headcount 76.8 -> 200
Frame 35: Headcount 78.5 -> 200
Frame 36: Headcount 80.6 -> 200
Frame 37: Headcount 78.4 -> 200
Frame 38: Headcount 78.2 -> 200
Frame 39: Headcount 77.7 -> 200
Frame 40: Headcount 78.2 -> 200
Frame 41: Headcount 78.1 -> 200
Frame 42: Headcount 80.6 -> 200
Frame 43: Headcount 80.2 -> 200
Frame 44: Headcount 80.7 -> 200
Frame 45: Headcount 82.5 -> 200
Frame 46: Headcount 81.4 -> 200
Frame 47: Headcount 80.5 -> 200
Frame 48: Headcount 77.8 -> 200
Frame 49: Headcount 76.8 -> 200
Frame 50: Headcount 78.2 -> 200
Frame 51: Headcount 77.5 -> 200
Frame 52: Headcount 76.8 -> 200
Frame 53: Headcount 76.6 -> 200
Frame 54: Headcount 78.8 -> 200
Frame 55: Headcount 78.8 -> 200
Frame 56: Headcount 78.9 -> 200
Frame 57: Headcount 76.5 -> 200
Frame 58: Headcount 77.5 -> 200
Frame 59: Headcount 74.5 -> 200
Frame 60: Headcount 72.6 -> 200
Frame 61: Headcount 71.2 -> 200
Frame 62: Headcount 75.0 -> 200
Frame 63: Headcount 75.8 -> 200
Frame 64: Headcount 73.0 -> 200
Frame 65: Headcount 74.9 -> 200
Frame 66: Headcount 74.6 -> 200
Frame 67: Headcount 77.4 -> 200
Frame 68: Headcount 77.9 -> 200
Frame 69: Headcount 76.6 -> 200
Frame 70: Headcount 78.6 -> 200
Frame 71: Headcount 81.7 -> 200
Frame 72: Headcount 84.5 -> 200
Frame 73: Headcount 89.3 -> 200
Frame 74: Headcount 89.6 -> 200
Frame 75: Headcount 90.7 -> 200
Frame 76: Headcount 87.6 -> 200
Frame 77: Headcount 85.0 -> 200
Frame 78: Headcount 88.9 -> 200
Frame 79: Headcount 86.2 -> 200
Frame 80: Headcount 88.3 -> 200
Frame 81: Headcount 84.4 -> 200
Frame 82: Headcount 85.5 -> 200
Frame 83: Headcount 83.7 -> 200
Frame 84: Headcount 85.0 -> 200
Frame 85: Headcount 84.0 -> 200
Frame 86: Headcount 84.4 -> 200
Frame 87: Headcount 89.4 -> 200
Frame 88: Headcount 85.2 -> 200
Frame 89: Headcount 91.3 -> 200
Frame 90: Headcount 92.1 -> 200
Frame 91: Headcount 92.3 -> 200
Frame 92: Headcount 91.1 -> 200
Frame 93: Headcount 87.5 -> 200
Frame 94: Headcount 90.7 -> 200
Frame 95: Headcount 91.0 -> 200
Frame 96: Headcount 90.8 -> 200
Frame 97: Headcount 86.9 -> 200
Frame 98: Headcount 91.3 -> 200
Frame 99: Headcount 89.9 -> 200
Frame 100: Headcount 91.0 -> 200
Frame 101: Headcount 95.9 -> 200
Frame 102: Headcount 98.9 -> 200
Frame 103: Headcount 92.4 -> 200
Frame 104: Headcount 91.2 -> 200
Frame 105: Headcount 91.5 -> 200
Frame 106: Headcount 97.2 -> 200
Frame 107: Headcount 94.5 -> 200
Frame 108: Headcount 88.7 -> 200
Frame 109: Headcount 87.4 -> 200
Frame 110: Headcount 86.3 -> 200
Frame 111: Headcount 85.4 -> 200
Frame 112: Headcount 86.6 -> 200
Frame 113: Headcount 87.9 -> 200
Frame 114: Headcount 90.6 -> 200
Frame 115: Headcount 85.5 -> 200
Frame 116: Headcount 86.4 -> 200
Frame 117: Headcount 89.9 -> 200
Frame 118: Headcount 91.2 -> 200
Frame 119: Headcount 88.5 -> 200
Frame 120: Headcount 84.0 -> 200
Frame 121: Headcount 84.1 -> 200
Frame 122: Headcount 83.8 -> 200
Frame 123: Headcount 89.2 -> 200
Frame 124: Headcount 86.6 -> 200
Frame 125: Headcount 91.1 -> 200
Frame 126: Headcount 93.6 -> 200
Frame 127: Headcount 88.6 -> 200
Frame 128: Headcount 85.1 -> 200
Frame 129: Headcount 80.0 -> 200
Frame 130: Headcount 88.1 -> 200
Frame 131: Headcount 91.0 -> 200
Frame 132: Headcount 87.2 -> 200
Frame 133: Headcount 88.0 -> 200
Frame 134: Headcount 86.9 -> 200
Frame 135: Headcount 84.0 -> 200
Frame 136: Headcount 83.9 -> 200
Frame 137: Headcount 89.1 -> 200
Frame 138: Headcount 92.5 -> 200
Frame 139: Headcount 87.2 -> 200
Frame 140: Headcount 78.6 -> 200
Frame 141: Headcount 85.2 -> 200
Frame 142: Headcount 84.3 -> 200
Frame 143: Headcount 81.7 -> 200
Frame 144: Headcount 84.2 -> 200
Frame 145: Headcount 83.5 -> 200
Frame 146: Headcount 86.6 -> 200
Frame 147: Headcount 80.8 -> 200
Frame 148: Headcount 81.2 -> 200
Frame 149: Headcount 80.9 -> 200
Frame 150: Headcount 82.4 -> 200
Frame 151: Headcount 82.5 -> 200
Frame 152: Headcount 84.7 -> 200
Frame 153: Headcount 83.0 -> 200
Frame 154: Headcount 87.9 -> 200
Frame 155: Headcount 89.9 -> 200
Frame 156: Headcount 87.4 -> 200
Frame 157: Headcount 85.1 -> 200
Frame 158: Headcount 95.1 -> 200
Frame 159: Headcount 81.5 -> 200
Frame 160: Headcount 80.8 -> 200
Frame 161: Headcount 78.0 -> 200
Frame 162: Headcount 88.7 -> 200
Frame 163: Headcount 86.2 -> 200
Frame 164: Headcount 79.5 -> 200
Frame 165: Headcount 90.2 -> 200
Frame 166: Headcount 78.5 -> 200
Frame 167: Headcount 76.9 -> 200
Frame 168: Headcount 72.7 -> 200
Frame 169: Headcount 73.4 -> 200
Frame 170: Headcount 78.5 -> 200
Frame 171: Headcount 74.3 -> 200
Frame 172: Headcount 78.1 -> 200
Frame 173: Headcount 78.7 -> 200
Frame 174: Headcount 85.4 -> 200
Frame 175: Headcount 85.1 -> 200
Frame 176: Headcount 82.6 -> 200
Frame 177: Headcount 80.0 -> 200
Frame 178: Headcount 80.5 -> 200
Frame 179: Headcount 82.9 -> 200
Frame 180: Headcount 76.3 -> 200
Frame 181: Headcount 80.1 -> 200
Frame 182: Headcount 85.9 -> 200
Frame 183: Headcount 80.5 -> 200
Frame 184: Headcount 78.6 -> 200
Frame 185: Headcount 75.7 -> 200
Frame 186: Headcount 80.7 -> 200
Frame 187: Headcount 76.6 -> 200
Frame 188: Headcount 76.5 -> 200
Frame 189: Headcount 80.4 -> 200
Frame 190: Headcount 79.2 -> 200
Frame 191: Headcount 76.5 -> 200
Frame 192: Headcount 75.4 -> 200
Frame 193: Headcount 79.7 -> 200
Frame 194: Headcount 75.9 -> 200
Frame 195: Headcount 76.9 -> 200
Frame 196: Headcount 77.4 -> 200
Frame 197: Headcount 74.2 -> 200
Frame 198: Headcount 74.6 -> 200
Frame 199: Headcount 74.8 -> 200
Frame 200: Headcount 68.8 -> 200
Frame 201: Headcount 69.3 -> 200
Frame 202: Headcount 68.8 -> 200
Frame 203: Headcount 76.1 -> 200
Frame 204: Headcount 77.2 -> 200
Frame 205: Headcount 74.6 -> 200
Frame 206: Headcount 77.8 -> 200
Frame 207: Headcount 76.3 -> 200
Frame 208: Headcount 69.4 -> 200
Frame 209: Headcount 81.3 -> 200
Frame 210: Headcount 86.7 -> 200
Frame 211: Headcount 73.2 -> 200
Frame 212: Headcount 75.6 -> 200
Frame 213: Headcount 84.3 -> 200
Frame 214: Headcount 84.1 -> 200
Frame 215: Headcount 81.2 -> 200
Frame 216: Headcount 80.8 -> 200
Frame 217: Headcount 85.1 -> 200
Frame 218: Headcount 82.5 -> 200
Frame 219: Headcount 78.3 -> 200
Frame 220: Headcount 77.9 -> 200
Frame 221: Headcount 76.0 -> 200
Frame 222: Headcount 79.6 -> 200
Frame 223: Headcount 76.9 -> 200
Frame 224: Headcount 78.4 -> 200
Frame 225: Headcount 78.5 -> 200
Frame 226: Headcount 76.7 -> 200
Frame 227: Headcount 75.1 -> 200
Frame 228: Headcount 73.8 -> 200
Frame 229: Headcount 78.5 -> 200
Frame 230: Headcount 70.1 -> 200
Frame 231: Headcount 72.9 -> 200
Frame 232: Headcount 72.1 -> 200
Frame 233: Headcount 78.8 -> 200
Frame 234: Headcount 78.2 -> 200
Frame 235: Headcount 77.3 -> 200
Frame 236: Headcount 77.0 -> 200
Frame 237: Headcount 72.8 -> 200