C:\Users\ADITYA GUPTA\Downloads\DEP_main\SkyWatch\backend\venv\lib\site-packages\timm\models\layers\__init__.py:49: FutureWarning: Importing from timm.models.layers is deprecated, please import via timm.layers
  warnings.warn(f"Importing from {__name__} is deprecated, please import via timm.layers", FutureWarning)
C:\Users\ADITYA GUPTA\Downloads\DEP_main\SkyWatch\backend\venv\lib\site-packages\timm\models\registry.py:4: FutureWarning: Importing from timm.models.registry is deprecated, please import via timm.models
  warnings.warn(f"Importing from {__name__} is deprecated, please import via timm.models", FutureWarning)
C:\Users\ADITYA GUPTA\Downloads\DEP_main\SkyWatch\backend\venv\lib\site-packages\timm\models\layers\__init__.py:49: FutureWarning: Importing from timm.models.layers is deprecated, please import via timm.layers
  warnings.warn(f"Importing from {__name__} is deprecated, please import via timm.layers", FutureWarning)
C:\Users\ADITYA GUPTA\Downloads\DEP_main\SkyWatch\backend\venv\lib\site-packages\timm\models\registry.py:4: FutureWarning: Importing from timm.models.registry is deprecated, please import via timm.models
  warnings.warn(f"Importing from {__name__} is deprecated, please import via timm.models", FutureWarning)
C:\Users\ADITYA GUPTA\Downloads\DEP_main\SkyWatch\backend\venv\lib\site-packages\timm\models\layers\__init__.py:49: FutureWarning: Importing from timm.models.layers is deprecated, please import via timm.layers
  warnings.warn(f"Importing from {__name__} is deprecated, please import via timm.layers", FutureWarning)
C:\Users\ADITYA GUPTA\Downloads\DEP_main\SkyWatch\backend\venv\lib\site-packages\timm\models\registry.py:4: FutureWarning: Importing from timm.models.registry is deprecated, please import via timm.models
  warnings.warn(f"Importing from {__name__} is deprecated, please import via timm.models", FutureWarning)
C:\Users\ADITYA GUPTA\Downloads\DEP_main\SkyWatch\backend\venv\lib\site-packages\timm\models\layers\__init__.py:49: FutureWarning: Importing from timm.models.layers is deprecated, please import via timm.layers
  warnings.warn(f"Importing from {__name__} is deprecated, please import via timm.layers", FutureWarning)
C:\Users\ADITYA GUPTA\Downloads\DEP_main\SkyWatch\backend\venv\lib\site-packages\timm\models\registry.py:4: FutureWarning: Importing from timm.models.registry is deprecated, please import via timm.models
  warnings.warn(f"Importing from {__name__} is deprecated, please import via timm.models", FutureWarning)
C:\Users\ADITYA GUPTA\Downloads\DEP_main\SkyWatch\backend\venv\lib\site-packages\timm\models\layers\__init__.py:49: FutureWarning: Importing from timm.models.layers is deprecated, please import via timm.layers
  warnings.warn(f"Importing from {__name__} is deprecated, please import via timm.layers", FutureWarning)
C:\Users\ADITYA GUPTA\Downloads\DEP_main\SkyWatch\backend\venv\lib\site-packages\timm\models\registry.py:4: FutureWarning: Importing from timm.models.registry is deprecated, please import via timm.models
  warnings.warn(f"Importing from {__name__} is deprecated, please import via timm.models", FutureWarning)
C:\Users\ADITYA GUPTA\Downloads\DEP_main\SkyWatch\backend\venv\lib\site-packages\timm\models\layers\__init__.py:49: FutureWarning: Importing from timm.models.layers is deprecated, please import via timm.layers
  warnings.warn(f"Importing from {__name__} is deprecated, please import via timm.layers", FutureWarning)
C:\Users\ADITYA GUPTA\Downloads\DEP_main\SkyWatch\backend\venv\lib\site-packages\timm\models\registry.py:4: FutureWarning: Importing from timm.models.registry is deprecated, please import via timm.models
  warnings.warn(f"Importing from {__name__} is deprecated, please import via timm.models", FutureWarning)
[StreamProcessor] Local file source: ..\media\videos\droneVid.mp4  loop=True
[StreamProcessor] Target FPS: 5  Model: sdnet
[SDNet] Loading model on cuda...
[SDNet] Model loaded successfully.
[StreamProcessor] Stream opened successfully.
Frame 1: Headcount 22.4 -> 200
Frame 2: Headcount 22.1 -> 200
Frame 3: Headcount 22.5 -> 200
Frame 4: Headcount 22.7 -> 200
Frame 5: Headcount 22.5 -> 200
Frame 6: Headcount 25.5 -> 200
Frame 7: Headcount 25.7 -> 200
Frame 8: Headcount 26.4 -> 200
Frame 9: Headcount 26.6 -> 200
Frame 10: Headcount 26.4 -> 200
Frame 11: Headcount 26.9 -> 200
Frame 12: Headcount 26.6 -> 200
Frame 13: Headcount 26.8 -> 200
Frame 14: Headcount 26.5 -> 200
Frame 15: Headcount 26.5 -> 200
Frame 16: Headcount 26.4 -> 200
Frame 17: Headcount 26.3 -> 200
Frame 18: Headcount 27.5 -> 200
Frame 19: Headcount 27.5 -> 200
Frame 20: Headcount 27.2 -> 200
Frame 21: Headcount 26.1 -> 200
Frame 22: Headcount 26.1 -> 200
Frame 23: Headcount 25.0 -> 200
Frame 24: Headcount 25.2 -> 200
Frame 25: Headcount 25.8 -> 200
Frame 26: Headcount 23.6 -> 200
Frame 27: Headcount 23.6 -> 200
Frame 28: Headcount 24.1 -> 200
Frame 29: Headcount 24.2 -> 200
Frame 30: Headcount 23.7 -> 200
Frame 31: Headcount 24.4 -> 200
Frame 32: Headcount 24.2 -> 200
Frame 33: Headcount 25.8 -> 200
Frame 34: Headcount 25.2 -> 200
Frame 35: Headcount 25.3 -> 200
Frame 36: Headcount 24.8 -> 200
Frame 37: Headcount 24.6 -> 200
Frame 38: Headcount 23.4 -> 200
Frame 39: Headcount 23.3 -> 200
Frame 40: Headcount 23.6 -> 200
Frame 41: Headcount 24.5 -> 200
Frame 42: Headcount 25.0 -> 200
Frame 43: Headcount 25.1 -> 200
Frame 44: Headcount 25.4 -> 200
Frame 45: Headcount 25.3 -> 200
Frame 46: Headcount 27.5 -> 200
Frame 47: Headcount 27.5 -> 200
Frame 48: Headcount 30.8 -> 200
Frame 49: Headcount 30.8 -> 200
Frame 50: Headcount 30.7 -> 200
Frame 51: Headcount 28.7 -> 200
Frame 52: Headcount 28.7 -> 200
Frame 53: Headcount 29.0 -> 200
Frame 54: Headcount 28.5 -> 200
Frame 55: Headcount 28.7 -> 200
Frame 56: Headcount 24.9 -> 200
Frame 57: Headcount 25.0 -> 200
Frame 58: Headcount 25.9 -> 200
Frame 59: Headcount 25.9 -> 200
Frame 60: Headcount 25.6 -> 200
Frame 61: Headcount 24.3 -> 200
Frame 62: Headcount 24.2 -> 200
Frame 63: Headcount 25.7 -> 200
Frame 64: Headcount 26.0 -> 200
Frame 65: Headcount 25.7 -> 200
Frame 66: Headcount 27.1 -> 200
Frame 67: Headcount 27.4 -> 200
Frame 68: Headcount 29.1 -> 200
Frame 69: Headcount 29.4 -> 200
Frame 70: Headcount 28.7 -> 200
Frame 71: Headcount 26.3 -> 200
Frame 72: Headcount 26.2 -> 200
Frame 73: Headcount 26.2 -> 200
Frame 74: Headcount 26.2 -> 200
Frame 75: Headcount 26.4 -> 200
Frame 76: Headcount 26.7 -> 200
Frame 77: Headcount 26.9 -> 200
Frame 78: Headcount 26.9 -> 200
Frame 79: Headcount 27.0 -> 200
Frame 80: Headcount 26.9 -> 200
Frame 81: Headcount 26.5 -> 200
Frame 82: Headcount 26.4 -> 200
Frame 83: Headcount 27.2 -> 200
Frame 84: Headcount 27.0 -> 200
Frame 85: Headcount 27.0 -> 200
Frame 86: Headcount 28.9 -> 200
Frame 87: Headcount 28.9 -> 200
Frame 88: Headcount 26.6 -> 200
Frame 89: Headcount 26.9 -> 200
Frame 90: Headcount 26.5 -> 200
Frame 91: Headcount 28.0 -> 200
Frame 92: Headcount 27.9 -> 200
Frame 93: Headcount 28.9 -> 200
Frame 94: Headcount 29.0 -> 200
Frame 95: Headcount 29.2 -> 200
Frame 96: Headcount 26.3 -> 200
Frame 97: Headcount 26.2 -> 200
Frame 98: Headcount 25.9 -> 200
Frame 99: Headcount 26.0 -> 200
Frame 100: Headcount 26.2 -> 200
Frame 101: Headcount 24.7 -> 200
Frame 102: Headcount 24.8 -> 200
Frame 103: Headcount 26.1 -> 200
Frame 104: Headcount 26.2 -> 200
Frame 105: Headcount 26.2 -> 200
Frame 106: Headcount 25.5 -> 200
Frame 107: Headcount 25.5 -> 200
Frame 108: Headcount 26.1 -> 200
Frame 109: Headcount 26.2 -> 200
Frame 110: Headcount 26.2 -> 200
Frame 111: Headcount 26.6 -> 200
Frame 112: Headcount 26.4 -> 200
Frame 113: Headcount 27.7 -> 200
Frame 114: Headcount 27.8 -> 200
Frame 115: Headcount 27.9 -> 200
Frame 116: Headcount 28.0 -> 200
Frame 117: Headcount 27.8 -> 200
Frame 118: Headcount 28.4 -> 200
Frame 119: Headcount 28.5 -> 200
Frame 120: Headcount 28.1 -> 200
Frame 121: Headcount 28.2 -> 200
Frame 122: Headcount 28.3 -> 200
Frame 123: Headcount 26.7 -> 200
Frame 124: Headcount 27.0 -> 200
Frame 125: Headcount 27.0 -> 200
Frame 126: Headcount 27.0 -> 200
Frame 127: Headcount 27.0 -> 200
Frame 128: Headcount 28.0 -> 200
Frame 129: Headcount 28.2 -> 200
Frame 130: Headcount 28.0 -> 200
Frame 131: Headcount 29.1 -> 200
Frame 132: Headcount 29.1 -> 200
Frame 133: Headcount 27.3 -> 200
Frame 134: Headcount 27.6 -> 200
Frame 135: Headcount 27.4 -> 200
Frame 136: Headcount 23.9 -> 200
Frame 137: Headcount 23.9 -> 200
Frame 138: Headcount 25.0 -> 200
Frame 139: Headcount 24.9 -> 200
Frame 140: Headcount 24.8 -> 200
Frame 141: Headcount 27.2 -> 200
Frame 142: Headcount 27.6 -> 200
Frame 143: Headcount 28.4 -> 200
Frame 144: Headcount 27.8 -> 200
Frame 145: Headcount 27.7 -> 200
Frame 146: Headcount 28.8 -> 200
Frame 147: Headcount 28.8 -> 200
Frame 148: Headcount 28.4 -> 200
Frame 149: Headcount 28.6 -> 200
Frame 150: Headcount 28.6 -> 200
Frame 151: Headcount 27.1 -> 200
Frame 152: Headcount 27.4 -> 200
Frame 153: Headcount 25.2 -> 200
Frame 154: Headcount 25.4 -> 200
Frame 155: Headcount 25.2 -> 200
Frame 156: Headcount 25.2 -> 200
Frame 157: Headcount 25.2 -> 200
Frame 158: Headcount 26.6 -> 200
Frame 159: Headcount 26.9 -> 200
Frame 160: Headcount 26.5 -> 200
Frame 161: Headcount 28.7 -> 200
Frame 162: Headcount 29.0 -> 200
Frame 163: Headcount 31.4 -> 200
Frame 164: Headcount 31.5 -> 200
Frame 165: Headcount 31.4 -> 200
Frame 166: Headcount 29.7 -> 200
Frame 167: Headcount 29.7 -> 200
Frame 168: Headcount 28.8 -> 200
Frame 169: Headcount 28.7 -> 200
Frame 170: Headcount 28.8 -> 200
Frame 171: Headcount 29.1 -> 200
Frame 172: Headcount 29.1 -> 200
Frame 173: Headcount 30.1 -> 200
Frame 174: Headcount 30.2 -> 200
Frame 175: Headcount 30.2 -> 200
Frame 176: Headcount 31.8 -> 200
Frame 177: Headcount 31.8 -> 200
Frame 178: Headcount 31.7 -> 200
Frame 179: Headcount 31.8 -> 200
Frame 180: Headcount 31.8 -> 200
Frame 181: Headcount 31.6 -> 200
Frame 182: Headcount 31.6 -> 200
Frame 183: Headcount 29.4 -> 200
Frame 184: Headcount 29.6 -> 200
Frame 185: Headcount 29.8 -> 200
Frame 186: Headcount 29.8 -> 200
Frame 187: Headcount 29.6 -> 200
Frame 188: Headcount 28.2 -> 200
Frame 189: Headcount 28.1 -> 200
Frame 190: Headcount 28.3 -> 200
Frame 191: Headcount 25.9 -> 200
Frame 192: Headcount 25.9 -> 200
Frame 193: Headcount 25.4 -> 200
Frame 194: Headcount 25.5 -> 200
Frame 195: Headcount 25.6 -> 200
Frame 196: Headcount 26.3 -> 200
Frame 197: Headcount 26.3 -> 200
Frame 198: Headcount 24.8 -> 200
Frame 199: Headcount 25.0 -> 200
Frame 200: Headcount 25.2 -> 200
Frame 201: Headcount 25.3 -> 200
Frame 202: Headcount 25.1 -> 200
Frame 203: Headcount 24.4 -> 200
Frame 204: Headcount 24.1 -> 200
Frame 205: Headcount 24.2 -> 200
Frame 206: Headcount 24.7 -> 200
Frame 207: Headcount 24.7 -> 200
Frame 208: Headcount 25.1 -> 200
Frame 209: Headcount 25.2 -> 200
Frame 210: Headcount 25.4 -> 200
Frame 211: Headcount 24.1 -> 200
Frame 212: Headcount 24.0 -> 200
Frame 213: Headcount 23.3 -> 200
Frame 214: Headcount 22.9 -> 200
Frame 215: Headcount 22.9 -> 200
Frame 216: Headcount 21.4 -> 200
Frame 217: Headcount 21.4 -> 200
Frame 218: Headcount 21.1 -> 200
Frame 219: Headcount 21.1 -> 200
Frame 220: Headcount 20.9 -> 200
Frame 221: Headcount 22.2 -> 200
Frame 222: Headcount 21.8 -> 200
Frame 223: Headcount 20.5 -> 200
Frame 224: Headcount 20.9 -> 200
Frame 225: Headcount 21.1 -> 200
Frame 226: Headcount 19.7 -> 200
Frame 227: Headcount 19.9 -> 200
Frame 228: Headcount 20.6 -> 200
Frame 229: Headcount 20.6 -> 200
Frame 230: Headcount 20.9 -> 200
Frame 231: Headcount 20.9 -> 200
Frame 232: Headcount 20.7 -> 200
Frame 233: Headcount 22.9 -> 200
Frame 234: Headcount 22.9 -> 200
Frame 235: Headcount 22.7 -> 200
Frame 236: Headcount 23.6 -> 200
Frame 237: Headcount 23.6 -> 200
C:\Users\ADITYA GUPTA\Downloads\DEP_main\SkyWatch\backend\venv\lib\site-packages\timm\models\layers\__init__.py:49: FutureWarning: Importing from timm.models.layers is deprecated, please import via timm.layers
  warnings.warn(f"Importing from {__name__} is deprecated, please import via timm.layers", FutureWarning)
C:\Users\ADITYA GUPTA\Downloads\DEP_main\SkyWatch\backend\venv\lib\site-packages\timm\models\registry.py:4: FutureWarning: Importing from timm.models.registry is deprecated, please import via timm.models
  warnings.warn(f"Importing from {__name__} is deprecated, please import via timm.models", FutureWarning)
[StreamProcessor] Local file source: ..\media\videos\droneVid.mp4  loop=True
[StreamProcessor] Target FPS: 5  Model: sdnet
[SDNet] Loading model on cuda...
[SDNet] Model loaded successfully.
[StreamProcessor] Stream opened successfully.
Frame 1: Headcount 22.4 -> 200
Frame 2: Headcount 22.1 -> 200
Frame 3: Headcount 22.5 -> 200
Frame 4: Headcount 22.7 -> 200
Frame 5: Headcount 22.5 -> 200
Frame 6: Headcount 25.5 -> 200
Frame 7: Headcount 25.7 -> 200
Frame 8: Headcount 26.4 -> 200
Frame 9: Headcount 26.6 -> 200
Frame 10: Headcount 26.4 -> 200
Frame 11: Headcount 26.9 -> 200
Frame 12: Headcount 26.6 -> 200
Frame 13: Headcount 26.8 -> 200
Frame 14: Headcount 26.5 -> 200
Frame 15: Headcount 26.5 -> 200
Frame 16: Headcount 26.4 -> 200
Frame 17: Headcount 26.3 -> 200
Frame 18: Headcount 27.5 -> 200
Frame 19: Headcount 27.5 -> 200
Frame 20: Headcount 27.2 -> 200
Frame 21: Headcount 26.1 -> 200
Frame 22: Headcount 26.1 -> 200
Frame 23: Headcount 25.0 -> 200
Frame 24: Headcount 25.2 -> 200
Frame 25: Headcount 25.8 -> 200
Frame 26: Headcount 23.6 -> 200
Frame 27: Headcount 23.6 -> 200
Frame 28: Headcount 24.1 -> 200
Frame 29: Headcount 24.2 -> 200
Frame 30: Headcount 23.7 -> 200
Frame 31: Headcount 24.4 -> 200
Frame 32: Headcount 24.2 -> 200
Frame 33: Headcount 25.8 -> 200
Frame 34: Headcount 25.2 -> 200
Frame 35: Headcount 25.3 -> 200
Frame 36: Headcount 24.8 -> 200
Frame 37: Headcount 24.6 -> 200
Frame 38: Headcount 23.4 -> 200
Frame 39: Headcount 23.3 -> 200
Frame 40: Headcount 23.6 -> 200
Frame 41: Headcount 24.5 -> 200
Frame 42: Headcount 25.0 -> 200
Frame 43: Headcount 25.1 -> 200
Frame 44: Headcount 25.4 -> 200
Frame 45: Headcount 25.3 -> 200
Frame 46: Headcount 27.5 -> 200
Frame 47: Headcount 27.5 -> 200
Frame 48: Headcount 30.8 -> 200
Frame 49: Headcount 30.8 -> 200
Frame 50: Headcount 30.7 -> 200
Frame 51: Headcount 28.7 -> 200
Frame 52: Headcount 28.7 -> 200
Frame 53: Headcount 29.0 -> 200
Frame 54: Headcount 28.5 -> 200
Frame 55: Headcount 28.7 -> 200
Frame 56: Headcount 24.9 -> 200
Frame 57: Headcount 25.0 -> 200
Frame 58: Headcount 25.9 -> 200
Frame 59: Headcount 25.9 -> 200
Frame 60: Headcount 25.6 -> 200
Frame 61: Headcount 24.3 -> 200
Frame 62: Headcount 24.2 -> 200
Frame 63: Headcount 25.7 -> 200
Frame 64: Headcount 26.0 -> 200
Frame 65: Headcount 25.7 -> 200
Frame 66: Headcount 27.1 -> 200
Frame 67: Headcount 27.4 -> 200
Frame 68: Headcount 29.1 -> 200
Frame 69: Headcount 29.4 -> 200
Frame 70: Headcount 28.7 -> 200
Frame 71: Headcount 26.3 -> 200
Frame 72: Headcount 26.2 -> 200
Frame 73: Headcount 26.2 -> 200
Frame 74: Headcount 26.2 -> 200
Frame 75: Headcount 26.4 -> 200
Frame 76: Headcount 26.7 -> 200
Frame 77: Headcount 26.9 -> 200
Frame 78: Headcount 26.9 -> 200
Frame 79: Headcount 27.0 -> 200
Frame 80: Headcount 26.9 -> 200
Frame 81: Headcount 26.5 -> 200
Frame 82: Headcount 26.4 -> 200
Frame 83: Headcount 27.2 -> 200
Frame 84: Headcount 27.0 -> 200
Frame 85: Headcount 27.0 -> 200
Frame 86: Headcount 28.9 -> 200
Frame 87: Headcount 28.9 -> 200
Frame 88: Headcount 26.6 -> 200
Frame 89: Headcount 26.9 -> 200
Frame 90: Headcount 26.5 -> 200
Frame 91: Headcount 28.0 -> 200
Frame 92: Headcount 27.9 -> 200
Frame 93: Headcount 28.9 -> 200
Frame 94: Headcount 29.0 -> 200
Frame 95: Headcount 29.2 -> 200
Frame 96: Headcount 26.3 -> 200
Frame 97: Headcount 26.2 -> 200
Frame 98: Headcount 25.9 -> 200
Frame 99: Headcount 26.0 -> 200
Frame 100: Headcount 26.2 -> 200
Frame 101: Headcount 24.7 -> 200
Frame 102: Headcount 24.8 -> 200
Frame 103: Headcount 26.1 -> 200
Frame 104: Headcount 26.2 -> 200
Frame 105: Headcount 26.2 -> 200
Frame 106: Headcount 25.5 -> 200
Frame 107: Headcount 25.5 -> 200
Frame 108: Headcount 26.1 -> 200
Frame 109: Headcount 26.2 -> 200
Frame 110: Headcount 26.2 -> 200
Frame 111: Headcount 26.6 -> 200
Frame 112: Headcount 26.4 -> 200
Frame 113: Headcount 27.7 -> 200
Frame 114: Headcount 27.8 -> 200
Frame 115: Headcount 27.9 -> 200
Frame 116: Headcount 28.0 -> 200
Frame 117: Headcount 27.8 -> 200
Frame 118: Headcount 28.4 -> 200
Frame 119: Headcount 28.5 -> 200
Frame 120: Headcount 28.1 -> 200
Frame 121: Headcount 28.2 -> 200
Frame 122: Headcount 28.3 -> 200
Frame 123: Headcount 26.7 -> 200
Frame 124: Headcount 27.0 -> 200
Frame 125: Headcount 27.0 -> 200
Frame 126: Headcount 27.0 -> 200
Frame 127: Headcount 27.0 -> 200
Frame 128: Headcount 28.0 -> 200
Frame 129: Headcount 28.2 -> 200
Frame 130: Headcount 28.0 -> 200
Frame 131: Headcount 29.1 -> 200
Frame 132: Headcount 29.1 -> 200
Frame 133: Headcount 27.3 -> 200
Frame 134: Headcount 27.6 -> 200
Frame 135: Headcount 27.4 -> 200
Frame 136: Headcount 23.9 -> 200
Frame 137: Headcount 23.9 -> 200
Frame 138: Headcount 25.0 -> 200
Frame 139: Headcount 24.9 -> 200
Frame 140: Headcount 24.8 -> 200
Frame 141: Headcount 27.2 -> 200
Frame 142: Headcount 27.6 -> 200
Frame 143: Headcount 28.4 -> 200
Frame 144: Headcount 27.8 -> 200
Frame 145: Headcount 27.7 -> 200
Frame 146: Headcount 28.8 -> 200
Frame 147: Headcount 28.8 -> 200
Frame 148: Headcount 28.4 -> 200
Frame 149: Headcount 28.6 -> 200
Frame 150: Headcount 28.6 -> 200
Frame 151: Headcount 27.1 -> 200
Frame 152: Headcount 27.4 -> 200
Frame 153: Headcount 25.2 -> 200
Frame 154: Headcount 25.4 -> 200
Frame 155: Headcount 25.2 -> 200
Frame 156: Headcount 25.2 -> 200
Frame 157: Headcount 25.2 -> 200
Frame 158: Headcount 26.6 -> 200
Frame 159: Headcount 26.9 -> 200
Frame 160: Headcount 26.5 -> 200
Frame 161: Headcount 28.7 -> 200
Frame 162: Headcount 29.0 -> 200
Frame 163: Headcount 31.4 -> 200
Frame 164: Headcount 31.5 -> 200
Frame 165: Headcount 31.4 -> 200
Frame 166: Headcount 29.7 -> 200
Frame 167: Headcount 29.7 -> 200
Frame 168: Headcount 28.8 -> 200
Frame 169: Headcount 28.7 -> 200
Frame 170: Headcount 28.8 -> 200
Frame 171: Headcount 29.1 -> 200
Frame 172: Headcount 29.1 -> 200
Frame 173: Headcount 30.1 -> 200
Frame 174: Headcount 30.2 -> 200
Frame 175: Headcount 30.2 -> 200
Frame 176: Headcount 31.8 -> 200
Frame 177: Headcount 31.8 -> 200
Frame 178: Headcount 31.7 -> 200
Frame 179: Headcount 31.8 -> 200
Frame 180: Headcount 31.8 -> 200
Frame 181: Headcount 31.6 -> 200
Frame 182: Headcount 31.6 -> 200
Frame 183: Headcount 29.4 -> 200
Frame 184: Headcount 29.6 -> 200
Frame 185: Headcount 29.8 -> 200
Frame 186: Headcount 29.8 -> 200
Frame 187: Headcount 29.6 -> 200
Frame 188: Headcount 28.2 -> 200
Frame 189: Headcount 28.1 -> 200
Frame 190: Headcount 28.3 -> 200
Frame 191: Headcount 25.9 -> 200
Frame 192: Headcount 25.9 -> 200
Frame 193: Headcount 25.4 -> 200
Frame 194: Headcount 25.5 -> 200
Frame 195: Headcount 25.6 -> 200
Frame 196: Headcount 26.3 -> 200
Frame 197: Headcount 26.3 -> 200
Frame 198: Headcount 24.8 -> 200
Frame 199: Headcount 25.0 -> 200
Frame 200: Headcount 25.2 -> 200
Frame 201: Headcount 25.3 -> 200
Frame 202: Headcount 25.1 -> 200
Frame 203: Headcount 24.4 -> 200
Frame 204: Headcount 24.1 -> 200
Frame 205: Headcount 24.2 -> 200
Frame 206: Headcount 24.7 -> 200
Frame 207: Headcount 24.7 -> 200
Frame 208: Headcount 25.1 -> 200
Frame 209: Headcount 25.2 -> 200
Frame 210: Headcount 25.4 -> 200
Frame 211: Headcount 24.1 -> 200
Frame 212: Headcount 24.0 -> 200
Frame 213: Headcount 23.3 -> 200
Frame 214: Headcount 22.9 -> 200
Frame 215: Headcount 22.9 -> 200
Frame 216: Headcount 21.4 -> 200
Frame 217: Headcount 21.4 -> 200
Frame 218: Headcount 21.1 -> 200
Frame 219: Headcount 21.1 -> 200
Frame 220: Headcount 20.9 -> 200
Frame 221: Headcount 22.2 -> 200
Frame 222: Headcount 21.8 -> 200
Frame 223: Headcount 20.5 -> 200
Frame 224: Headcount 20.9 -> 200
Frame 225: Headcount 21.1 -> 200
Frame 226: Headcount 19.7 -> 200
Frame 227: Headcount 19.9 -> 200
Frame 228: Headcount 20.6 -> 200
Frame 229: Headcount 20.6 -> 200
Frame 230: Headcount 20.9 -> 200
Frame 231: Headcount 20.9 -> 200
Frame 232: Headcount 20.7 -> 200
Frame 233: Headcount 22.9 -> 200
Frame 234: Headcount 22.9 -> 200
Frame 235: Headcount 22.7 -> 200
Frame 236: Headcount 23.6 -> 200
Frame 237: Headcount 23.6 -> 200
Frame 238: Headcount 24.0 -> 200
Frame 239: Headcount 24.0 -> 200
Frame 240: Headcount 24.0 -> 200
Frame 241: Headcount 23.7 -> 200
Frame 242: Headcount 23.7 -> 200
Frame 243: Headcount 23.8 -> 200
Frame 244: Headcount 23.9 -> 200
Frame 245: Headcount 24.0 -> 200
Frame 246: Headcount 25.3 -> 200
Frame 247: Headcount 25.5 -> 200
Frame 248: Headcount 25.0 -> 200
Frame 249: Headcount 25.2 -> 200
Frame 250: Headcount 24.9 -> 200
Frame 251: Headcount 23.5 -> 200
Frame 252: Headcount 23.8 -> 200
Frame 253: Headcount 23.3 -> 200
Frame 254: Headcount 23.2 -> 200
Frame 255: Headcount 23.3 -> 200
Frame 256: Headcount 22.1 -> 200
Frame 257: Headcount 22.1 -> 200
Frame 258: Headcount 22.1 -> 200
Frame 259: Headcount 21.8 -> 200
Frame 260: Headcount 21.8 -> 200
Frame 261: Headcount 20.2 -> 200
Frame 262: Headcount 20.1 -> 200
Frame 263: Headcount 22.2 -> 200
Frame 264: Headcount 22.2 -> 200
Frame 265: Headcount 22.5 -> 200
Frame 266: Headcount 24.4 -> 200
Frame 267: Headcount 23.9 -> 200
Frame 268: Headcount 25.1 -> 200
Frame 269: Headcount 25.0 -> 200
Frame 270: Headcount 25.2 -> 200
Frame 271: Headcount 23.9 -> 200
Frame 272: Headcount 24.2 -> 200
Frame 273: Headcount 22.8 -> 200
Frame 274: Headcount 23.3 -> 200
Frame 275: Headcount 22.9 -> 200
Frame 276: Headcount 23.1 -> 200
Frame 277: Headcount 22.9 -> 200
Frame 278: Headcount 25.1 -> 200
Frame 279: Headcount 25.3 -> 200
Frame 280: Headcount 25.4 -> 200
Frame 281: Headcount 25.5 -> 200
Frame 282: Headcount 25.1 -> 200
Frame 283: Headcount 26.0 -> 200
Frame 284: Headcount 26.1 -> 200
Frame 285: Headcount 26.3 -> 200
Frame 286: Headcount 26.4 -> 200
Frame 287: Headcount 26.6 -> 200
Frame 288: Headcount 25.2 -> 200
Frame 289: Headcount 25.3 -> 200
Frame 290: Headcount 25.1 -> 200
Frame 291: Headcount 26.3 -> 200
Frame 292: Headcount 26.5 -> 200
Frame 293: Headcount 23.1 -> 200
Frame 294: Headcount 23.1 -> 200
Frame 295: Headcount 23.3 -> 200
Frame 296: Headcount 23.9 -> 200
Frame 297: Headcount 23.9 -> 200
Frame 298: Headcount 21.7 -> 200
Frame 299: Headcount 21.8 -> 200
Frame 300: Headcount 21.8 -> 200
Frame 301: Headcount 21.8 -> 200
Frame 302: Headcount 21.6 -> 200
Frame 303: Headcount 23.1 -> 200
Frame 304: Headcount 23.0 -> 200
Frame 305: Headcount 23.0 -> 200
Frame 306: Headcount 20.2 -> 200
Frame 307: Headcount 20.4 -> 200
Frame 308: Headcount 20.1 -> 200
Frame 309: Headcount 20.2 -> 200
Frame 310: Headcount 20.5 -> 200
Frame 311: Headcount 22.6 -> 200
Frame 312: Headcount 22.7 -> 200
Frame 313: Headcount 23.3 -> 200
Frame 314: Headcount 23.3 -> 200
Frame 315: Headcount 23.0 -> 200
Frame 316: Headcount 23.8 -> 200
Frame 317: Headcount 23.8 -> 200
Frame 318: Headcount 23.2 -> 200
Frame 319: Headcount 23.2 -> 200
Frame 320: Headcount 22.9 -> 200
Frame 321: Headcount 23.5 -> 200
Frame 322: Headcount 23.8 -> 200
Frame 323: Headcount 24.0 -> 200
Frame 324: Headcount 23.9 -> 200
Frame 325: Headcount 24.1 -> 200
Frame 326: Headcount 24.4 -> 200
Frame 327: Headcount 24.5 -> 200
Frame 328: Headcount 24.4 -> 200
Frame 329: Headcount 24.4 -> 200
Frame 330: Headcount 24.2 -> 200
Frame 331: Headcount 24.4 -> 200
Frame 332: Headcount 24.5 -> 200
Frame 333: Headcount 25.3 -> 200
Frame 334: Headcount 24.8 -> 200
Frame 335: Headcount 25.3 -> 200
Frame 336: Headcount 24.8 -> 200
Frame 337: Headcount 24.8 -> 200
Frame 338: Headcount 27.7 -> 200
Frame 339: Headcount 27.7 -> 200
Frame 340: Headcount 27.6 -> 200
Frame 341: Headcount 28.2 -> 200
Frame 342: Headcount 28.0 -> 200
Frame 343: Headcount 26.3 -> 200
Frame 344: Headcount 26.0 -> 200
Frame 345: Headcount 26.2 -> 200
Frame 346: Headcount 27.0 -> 200
Frame 347: Headcount 27.4 -> 200
Frame 348: Headcount 26.7 -> 200
Frame 349: Headcount 26.6 -> 200
Frame 350: Headcount 27.0 -> 200
Frame 351: Headcount 21.9 -> 200
Frame 352: Headcount 21.5 -> 200
Frame 353: Headcount 21.8 -> 200
Frame 354: Headcount 21.9 -> 200
Frame 355: Headcount 22.1 -> 200
Frame 356: Headcount 23.7 -> 200
Frame 357: Headcount 23.8 -> 200
Frame 358: Headcount 23.7 -> 200
Frame 359: Headcount 24.1 -> 200
Frame 360: Headcount 23.8 -> 200
Frame 361: Headcount 21.9 -> 200
Frame 362: Headcount 21.9 -> 200
Frame 363: Headcount 23.3 -> 200
Frame 364: Headcount 23.7 -> 200
Frame 365: Headcount 23.9 -> 200
Frame 366: Headcount 23.6 -> 200
Frame 367: Headcount 23.7 -> 200
Frame 368: Headcount 23.1 -> 200
Frame 369: Headcount 23.2 -> 200
Frame 370: Headcount 23.1 -> 200
Frame 371: Headcount 21.5 -> 200
Frame 372: Headcount 21.7 -> 200
Frame 373: Headcount 22.2 -> 200
Frame 374: Headcount 22.2 -> 200
Frame 375: Headcount 22.4 -> 200
Frame 376: Headcount 23.3 -> 200
Frame 377: Headcount 23.3 -> 200
Frame 378: Headcount 25.1 -> 200
Frame 379: Headcount 24.8 -> 200
Frame 380: Headcount 25.0 -> 200
Frame 381: Headcount 25.3 -> 200
Frame 382: Headcount 24.9 -> 200
Frame 383: Headcount 26.4 -> 200
Frame 384: Headcount 25.9 -> 200
Frame 385: Headcount 26.0 -> 200
Frame 386: Headcount 23.9 -> 200
Frame 387: Headcount 24.0 -> 200
Frame 388: Headcount 22.8 -> 200
Frame 389: Headcount 22.9 -> 200
Frame 390: Headcount 22.9 -> 200
Frame 391: Headcount 20.0 -> 200
Frame 392: Headcount 19.8 -> 200
Frame 393: Headcount 24.9 -> 200
Frame 394: Headcount 25.4 -> 200
Frame 395: Headcount 25.3 -> 200
Frame 396: Headcount 23.9 -> 200
Frame 397: Headcount 23.7 -> 200
Frame 398: Headcount 22.0 -> 200
Frame 399: Headcount 22.1 -> 200
Frame 400: Headcount 22.1 -> 200
Frame 401: Headcount 20.8 -> 200
Frame 402: Headcount 20.7 -> 200
Frame 403: Headcount 22.3 -> 200
Frame 404: Headcount 22.5 -> 200
Frame 405: Headcount 22.5 -> 200
Frame 406: Headcount 21.2 -> 200
Frame 407: Headcount 21.2 -> 200
Frame 408: Headcount 20.6 -> 200
Frame 409: Headcount 20.8 -> 200
Frame 410: Headcount 20.6 -> 200
Frame 411: Headcount 22.1 -> 200
Frame 412: Headcount 21.9 -> 200
Frame 413: Headcount 23.2 -> 200
Frame 414: Headcount 23.0 -> 200
Frame 415: Headcount 23.0 -> 200
Frame 416: Headcount 21.5 -> 200
Frame 417: Headcount 21.7 -> 200
Frame 418: Headcount 20.4 -> 200
Frame 419: Headcount 20.3 -> 200
Frame 420: Headcount 20.5 -> 200
Frame 421: Headcount 19.9 -> 200
Frame 422: Headcount 19.9 -> 200
Frame 423: Headcount 20.9 -> 200
Frame 424: Headcount 21.1 -> 200
Frame 425: Headcount 21.0 -> 200
Frame 426: Headcount 22.5 -> 200
Frame 427: Headcount 22.5 -> 200
Frame 428: Headcount 23.5 -> 200
Frame 429: Headcount 24.0 -> 200
Frame 430: Headcount 24.1 -> 200
Frame 431: Headcount 25.4 -> 200
Frame 432: Headcount 25.5 -> 200
Frame 433: Headcount 23.4 -> 200
Frame 434: Headcount 23.9 -> 200
Frame 435: Headcount 24.0 -> 200
Frame 436: Headcount 22.6 -> 200
Frame 437: Headcount 22.3 -> 200
Frame 438: Headcount 23.2 -> 200
Frame 439: Headcount 23.2 -> 200
Frame 440: Headcount 23.1 -> 200
Frame 441: Headcount 23.0 -> 200
Frame 442: Headcount 22.8 -> 200
Frame 443: Headcount 21.2 -> 200
Frame 444: Headcount 21.2 -> 200
Frame 445: Headcount 21.3 -> 200
Frame 446: Headcount 22.0 -> 200
Frame 447: Headcount 22.1 -> 200
Frame 448: Headcount 22.4 -> 200
Frame 449: Headcount 22.3 -> 200
Frame 450: Headcount 22.5 -> 200
Frame 451: Headcount 21.7 -> 200
Frame 452: Headcount 21.7 -> 200
Frame 453: Headcount 22.8 -> 200
Frame 454: Headcount 22.9 -> 200
Frame 455: Headcount 23.2 -> 200
Frame 456: Headcount 23.2 -> 200
Frame 457: Headcount 22.9 -> 200
Frame 458: Headcount 25.1 -> 200
Frame 459: Headcount 25.2 -> 200
Frame 460: Headcount 25.0 -> 200
Frame 461: Headcount 25.6 -> 200
Frame 462: Headcount 25.0 -> 200
Frame 463: Headcount 24.3 -> 200
Frame 464: Headcount 23.4 -> 200
Frame 465: Headcount 23.4 -> 200
Frame 466: Headcount 21.4 -> 200
Frame 467: Headcount 21.6 -> 200
Frame 468: Headcount 21.3 -> 200
Frame 469: Headcount 21.5 -> 200
Frame 470: Headcount 21.6 -> 200
Frame 471: Headcount 22.9 -> 200
Frame 472: Headcount 23.3 -> 200
Frame 473: Headcount 23.1 -> Backend unavailable (HTTPConnectionPool(host='127.0.0.1', port=8000): Read timed out. (read timeout=2))
C:\Users\ADITYA GUPTA\Downloads\DEP_main\SkyWatch\backend\venv\lib\site-packages\timm\models\layers\__init__.py:49: FutureWarning: Importing from timm.models.layers is deprecated, please import via timm.layers
  warnings.warn(f"Importing from {__name__} is deprecated, please import via timm.layers", FutureWarning)
C:\Users\ADITYA GUPTA\Downloads\DEP_main\SkyWatch\backend\venv\lib\site-packages\timm\models\registry.py:4: FutureWarning: Importing from timm.models.registry is deprecated, please import via timm.models
  warnings.warn(f"Importing from {__name__} is deprecated, please import via timm.models", FutureWarning)
[StreamProcessor] Local file source: ..\media\videos\droneVid.mp4  loop=True
[StreamProcessor] Target FPS: 5  Model: sdnet
[SDNet] Loading model on cuda...
[SDNet] Model loaded successfully.
[StreamProcessor] Stream opened successfully.
Frame 1: Headcount 22.4 -> 200
Frame 2: Headcount 22.1 -> 200
Frame 3: Headcount 22.5 -> 200
Frame 4: Headcount 22.7 -> 200
Frame 5: Headcount 22.5 -> 200
Frame 6: Headcount 25.5 -> 200
Frame 7: Headcount 25.7 -> 200
Frame 8: Headcount 26.4 -> 200
Frame 9: Headcount 26.6 -> 200
Frame 10: Headcount 26.4 -> 200
Frame 11: Headcount 26.9 -> 200
Frame 12: Headcount 26.6 -> 200
Frame 13: Headcount 26.8 -> 200
Frame 14: Headcount 26.5 -> 200
Frame 15: Headcount 26.5 -> 200
Frame 16: Headcount 26.4 -> 200
Frame 17: Headcount 26.3 -> 200
Frame 18: Headcount 27.5 -> 200
Frame 19: Headcount 27.5 -> 200
Frame 20: Headcount 27.2 -> 200
Frame 21: Headcount 26.1 -> 200
Frame 22: Headcount 26.1 -> 200
Frame 23: Headcount 25.0 -> 200
Frame 24: Headcount 25.2 -> 200
Frame 25: Headcount 25.8 -> 200
Frame 26: Headcount 23.6 -> 200
Frame 27: Headcount 23.6 -> 200
Frame 28: Headcount 24.1 -> 200
Frame 29: Headcount 24.2 -> 200
Frame 30: Headcount 23.7 -> 200
Frame 31: Headcount 24.4 -> 200
Frame 32: Headcount 24.2 -> 200
Frame 33: Headcount 25.8 -> 200
Frame 34: Headcount 25.2 -> 200
Frame 35: Headcount 25.3 -> 200
Frame 36: Headcount 24.8 -> 200
Frame 37: Headcount 24.6 -> 200
Frame 38: Headcount 23.4 -> 200
Frame 39: Headcount 23.3 -> 200
Frame 40: Headcount 23.6 -> 200
Frame 41: Headcount 24.5 -> 200
Frame 42: Headcount 25.0 -> 200
Frame 43: Headcount 25.1 -> 200
Frame 44: Headcount 25.4 -> 200
Frame 45: Headcount 25.3 -> 200
Frame 46: Headcount 27.5 -> 200
Frame 47: Headcount 27.5 -> 200
Frame 48: Headcount 30.8 -> 200
Frame 49: Headcount 30.8 -> 200
Frame 50: Headcount 30.7 -> 200
Frame 51: Headcount 28.7 -> 200
Frame 52: Headcount 28.7 -> 200
Frame 53: Headcount 29.0 -> 200
Frame 54: Headcount 28.5 -> 200
Frame 55: Headcount 28.7 -> 200
Frame 56: Headcount 24.9 -> 200
Frame 57: Headcount 25.0 -> 200
Frame 58: Headcount 25.9 -> 200
Frame 59: Headcount 25.9 -> 200
Frame 60: Headcount 25.6 -> 200
Frame 61: Headcount 24.3 -> 200
Frame 62: Headcount 24.2 -> 200
Frame 63: Headcount 25.7 -> 200
Frame 64: Headcount 26.0 -> 200
Frame 65: Headcount 25.7 -> 200
Frame 66: Headcount 27.1 -> 200
Frame 67: Headcount 27.4 -> 200
Frame 68: Headcount 29.1 -> 200
Frame 69: Headcount 29.4 -> 200
Frame 70: Headcount 28.7 -> 200
Frame 71: Headcount 26.3 -> 200
Frame 72: Headcount 26.2 -> 200
Frame 73: Headcount 26.2 -> 200
Frame 74: Headcount 26.2 -> 200
Frame 75: Headcount 26.4 -> 200
Frame 76: Headcount 26.7 -> 200
Frame 77: Headcount 26.9 -> 200
Frame 78: Headcount 26.9 -> 200
Frame 79: Headcount 27.0 -> 200
Frame 80: Headcount 26.9 -> 200
Frame 81: Headcount 26.5 -> 200
Frame 82: Headcount 26.4 -> 200
Frame 83: Headcount 27.2 -> 200
Frame 84: Headcount 27.0 -> 200
Frame 85: Headcount 27.0 -> 200
Frame 86: Headcount 28.9 -> 200
Frame 87: Headcount 28.9 -> 200
Frame 88: Headcount 26.6 -> 200
Frame 89: Headcount 26.9 -> 200
Frame 90: Headcount 26.5 -> 200
Frame 91: Headcount 28.0 -> 200
Frame 92: Headcount 27.9 -> 200
Frame 93: Headcount 28.9 -> 200
Frame 94: Headcount 29.0 -> 200
Frame 95: Headcount 29.2 -> 200
Frame 96: Headcount 26.3 -> 200
Frame 97: Headcount 26.2 -> 200
Frame 98: Headcount 25.9 -> 200
Frame 99: Headcount 26.0 -> 200
Frame 100: Headcount 26.2 -> 200
Frame 101: Headcount 24.7 -> 200
Frame 102: Headcount 24.8 -> 200
Frame 103: Headcount 26.1 -> 200
Frame 104: Headcount 26.2 -> 200
Frame 105: Headcount 26.2 -> 200
Frame 106: Headcount 25.5 -> 200
Frame 107: Headcount 25.5 -> 200
Frame 108: Headcount 26.1 -> 200
Frame 109: Headcount 26.2 -> 200
Frame 110: Headcount 26.2 -> 200
Frame 111: Headcount 26.6 -> 200
Frame 112: Headcount 26.4 -> 200
Frame 113: Headcount 27.7 -> 200
Frame 114: Headcount 27.8 -> 200
Frame 115: Headcount 27.9 -> 200
Frame 116: Headcount 28.0 -> 200
Frame 117: Headcount 27.8 -> 200
Frame 118: Headcount 28.4 -> 200
Frame 119: Headcount 28.5 -> 200
Frame 120: Headcount 28.1 -> 200
Frame 121: Headcount 28.2 -> 200
Frame 122: Headcount 28.3 -> 200
Frame 123: Headcount 26.7 -> 200
Frame 124: Headcount 27.0 -> 200
Frame 125: Headcount 27.0 -> 200
Frame 126: Headcount 27.0 -> 200
Frame 127: Headcount 27.0 -> 200
Frame 128: Headcount 28.0 -> 200
Frame 129: Headcount 28.2 -> 200
Frame 130: Headcount 28.0 -> 200
Frame 131: Headcount 29.1 -> 200
Frame 132: Headcount 29.1 -> 200
Frame 133: Headcount 27.3 -> 200
Frame 134: Headcount 27.6 -> 200
Frame 135: Headcount 27.4 -> 200
Frame 136: Headcount 23.9 -> 200
Frame 137: Headcount 23.9 -> 200
Frame 138: Headcount 25.0 -> 200
Frame 139: Headcount 24.9 -> 200
Frame 140: Headcount 24.8 -> 200
Frame 141: Headcount 27.2 -> 200
Frame 142: Headcount 27.6 -> 200
Frame 143: Headcount 28.4 -> 200
Frame 144: Headcount 27.8 -> 200
Frame 145: Headcount 27.7 -> 200
Frame 146: Headcount 28.8 -> 200
Frame 147: Headcount 28.8 -> 200
Frame 148: Headcount 28.4 -> 200
Frame 149: Headcount 28.6 -> 200
Frame 150: Headcount 28.6 -> 200
Frame 151: Headcount 27.1 -> 200
Frame 152: Headcount 27.4 -> 200
Frame 153: Headcount 25.2 -> 200
Frame 154: Headcount 25.4 -> 200
Frame 155: Headcount 25.2 -> 200
Frame 156: Headcount 25.2 -> 200
Frame 157: Headcount 25.2 -> 200
Frame 158: Headcount 26.6 -> 200
Frame 159: Headcount 26.9 -> 200
Frame 160: Headcount 26.5 -> 200
Frame 161: Headcount 28.7 -> 200
Frame 162: Headcount 29.0 -> 200
Frame 163: Headcount 31.4 -> 200
Frame 164: Headcount 31.5 -> 200
Frame 165: Headcount 31.4 -> 200
Frame 166: Headcount 29.7 -> 200
Frame 167: Headcount 29.7 -> 200
Frame 168: Headcount 28.8 -> 200
Frame 169: Headcount 28.7 -> 200
Frame 170: Headcount 28.8 -> 200
Frame 171: Headcount 29.1 -> 200
Frame 172: Headcount 29.1 -> 200
Frame 173: Headcount 30.1 -> 200
Frame 174: Headcount 30.2 -> 200
Frame 175: Headcount 30.2 -> 200
Frame 176: Headcount 31.8 -> 200
Frame 177: Headcount 31.8 -> 200
Frame 178: Headcount 31.7 -> 200
Frame 179: Headcount 31.8 -> 200
Frame 180: Headcount 31.8 -> 200
Frame 181: Headcount 31.6 -> 200
Frame 182: Headcount 31.6 -> 200
Frame 183: Headcount 29.4 -> 200
Frame 184: Headcount 29.6 -> 200
Frame 185: Headcount 29.8 -> 200
Frame 186: Headcount 29.8 -> 200
Frame 187: Headcount 29.6 -> 200
Frame 188: Headcount 28.2 -> 200
Frame 189: Headcount 28.1 -> 200
Frame 190: Headcount 28.3 -> 200
Frame 191: Headcount 25.9 -> 200
Frame 192: Headcount 25.9 -> 200
Frame 193: Headcount 25.4 -> 200
Frame 194: Headcount 25.5 -> 200
Frame 195: Headcount 25.6 -> 200
Frame 196: Headcount 26.3 -> 200
Frame 197: Headcount 26.3 -> 200
Frame 198: Headcount 24.8 -> 200
Frame 199: Headcount 25.0 -> 200
Frame 200: Headcount 25.2 -> 200
Frame 201: Headcount 25.3 -> 200
Frame 202: Headcount 25.1 -> 200
Frame 203: Headcount 24.4 -> 200
Frame 204: Headcount 24.1 -> 200
Frame 205: Headcount 24.2 -> 200
Frame 206: Headcount 24.7 -> 200
Frame 207: Headcount 24.7 -> 200
Frame 208: Headcount 25.1 -> 200
Frame 209: Headcount 25.2 -> 200
Frame 210: Headcount 25.4 -> 200
Frame 211: Headcount 24.1 -> 200
Frame 212: Headcount 24.0 -> 200
Frame 213: Headcount 23.3 -> 200
Frame 214: Headcount 22.9 -> 200
Frame 215: Headcount 22.9 -> 200
Frame 216: Headcount 21.4 -> 200
Frame 217: Headcount 21.4 -> 200
Frame 218: Headcount 21.1 -> 200
Frame 219: Headcount 21.1 -> 200
Frame 220: Headcount 20.9 -> 200
Frame 221: Headcount 22.2 -> 200
Frame 222: Headcount 21.8 -> 200
Frame 223: Headcount 20.5 -> 200
Frame 224: Headcount 20.9 -> 200
Frame 225: Headcount 21.1 -> 200
Frame 226: Headcount 19.7 -> 200
Frame 227: Headcount 19.9 -> 200
Frame 228: Headcount 20.6 -> 200
Frame 229: Headcount 20.6 -> 200
Frame 230: Headcount 20.9 -> 200
Frame 231: Headcount 20.9 -> 200
Frame 232: Headcount 20.7 -> 200
Frame 233: Headcount 22.9 -> 200
Frame 234: Headcount 22.9 -> 200
Frame 235: Headcount 22.7 -> 200
Frame 236: Headcount 23.6 -> 200
Frame 237: Headcount 23.6 -> 200
Frame 238: Headcount 24.0 -> 200
Frame 239: Headcount 24.0 -> 200
Frame 240: Headcount 24.0 -> 200
Frame 241: Headcount 23.7 -> 200
Frame 242: Headcount 23.7 -> 200
Frame 243: Headcount 23.8 -> 200
Frame 244: Headcount 23.9 -> 200
Frame 245: Headcount 24.0 -> 200
Frame 246: Headcount 25.3 -> 200
Frame 247: Headcount 25.5 -> 200
Frame 248: Headcount 25.0 -> 200
Frame 249: Headcount 25.2 -> 200
Frame 250: Headcount 24.9 -> 200
Frame 251: Headcount 23.5 -> 200
Frame 252: Headcount 23.8 -> 200
Frame 253: Headcount 23.3 -> 200
Frame 254: Headcount 23.2 -> 200
Frame 255: Headcount 23.3 -> 200
Frame 256: Headcount 22.1 -> 200
Frame 257: Headcount 22.1 -> 200
Frame 258: Headcount 22.1 -> 200
Frame 259: Headcount 21.8 -> 200
Frame 260: Headcount 21.8 -> 200
Frame 261: Headcount 20.2 -> 200
Frame 262: Headcount 20.1 -> 200
Frame 263: Headcount 22.2 -> 200
Frame 264: Headcount 22.2 -> 200
Frame 265: Headcount 22.5 -> 200
Frame 266: Headcount 24.4 -> 200
Frame 267: Headcount 23.9 -> 200
Frame 268: Headcount 25.1 -> 200
Frame 269: Headcount 25.0 -> 200
Frame 270: Headcount 25.2 -> 200
Frame 271: Headcount 23.9 -> 200
Frame 272: Headcount 24.2 -> 200
Frame 273: Headcount 22.8 -> 200
Frame 274: Headcount 23.3 -> 200
Frame 275: Headcount 22.9 -> 200
Frame 276: Headcount 23.1 -> 200
Frame 277: Headcount 22.9 -> 200
Frame 278: Headcount 25.1 -> 200
Frame 279: Headcount 25.3 -> 200
Frame 280: Headcount 25.4 -> 200
Frame 281: Headcount 25.5 -> 200
Frame 282: Headcount 25.1 -> 200
Frame 283: Headcount 26.0 -> 200
Frame 284: Headcount 26.1 -> 200
Frame 285: Headcount 26.3 -> 200
Frame 286: Headcount 26.4 -> 200
Frame 287: Headcount 26.6 -> 200
Frame 288: Headcount 25.2 -> 200
Frame 289: Headcount 25.3 -> 200
Frame 290: Headcount 25.1 -> 200
Frame 291: Headcount 26.3 -> 200
Frame 292: Headcount 26.5 -> 200
Frame 293: Headcount 23.1 -> 200
Frame 294: Headcount 23.1 -> 200
Frame 295: Headcount 23.3 -> 200
Frame 296: Headcount 23.9 -> 200
Frame 297: Headcount 23.9 -> 200
Frame 298: Headcount 21.7 -> 200
Frame 299: Headcount 21.8 -> 200
Frame 300: Headcount 21.8 -> 200
Frame 301: Headcount 21.8 -> 200
Frame 302: Headcount 21.6 -> 200
Frame 303: Headcount 23.1 -> 200
Frame 304: Headcount 23.0 -> 200
Frame 305: Headcount 23.0 -> 200
Frame 306: Headcount 20.2 -> 200
Frame 307: Headcount 20.4 -> 200
Frame 308: Headcount 20.1 -> 200
Frame 309: Headcount 20.2 -> 200
Frame 310: Headcount 20.5 -> 200
Frame 311: Headcount 22.6 -> 200
Frame 312: Headcount 22.7 -> 200
Frame 313: Headcount 23.3 -> 200
Frame 314: Headcount 23.3 -> 200
Frame 315: Headcount 23.0 -> 200
Frame 316: Headcount 23.8 -> 200
Frame 317: Headcount 23.8 -> 200
Frame 318: Headcount 23.2 -> 200
Frame 319: Headcount 23.2 -> 200
Frame 320: Headcount 22.9 -> 200
Frame 321: Headcount 23.5 -> 200
Frame 322: Headcount 23.8 -> 200
Frame 323: Headcount 24.0 -> 200
Frame 324: Headcount 23.9 -> 200
Frame 325: Headcount 24.1 -> 200
Frame 326: Headcount 24.4 -> 200
Frame 327: Headcount 24.5 -> 200
Frame 328: Headcount 24.4 -> 200
Frame 329: Headcount 24.4 -> 200
Frame 330: Headcount 24.2 -> 200
Frame 331: Headcount 24.4 -> 200
Frame 332: Headcount 24.5 -> 200
Frame 333: Headcount 25.3 -> 200
Frame 334: Headcount 24.8 -> 200
Frame 335: Headcount 25.3 -> 200
Frame 336: Headcount 24.8 -> 200
Frame 337: Headcount 24.8 -> 200
Frame 338: Headcount 27.7 -> 200
Frame 339: Headcount 27.7 -> 200
Frame 340: Headcount 27.6 -> 200
Frame 341: Headcount 28.2 -> 200
Frame 342: Headcount 28.0 -> 200
Frame 343: Headcount 26.3 -> 200
Frame 344: Headcount 26.0 -> 200
Frame 345: Headcount 26.2 -> 200
Frame 346: Headcount 27.0 -> 200
Frame 347: Headcount 27.4 -> 200
Frame 348: Headcount 26.7 -> 200
Frame 349: Headcount 26.6 -> 200
Frame 350: Headcount 27.0 -> 200
Frame 351: Headcount 21.9 -> 200
Frame 352: Headcount 21.5 -> 200
Frame 353: Headcount 21.8 -> 200
Frame 354: Headcount 21.9 -> 200
Frame 355: Headcount 22.1 -> 200
Frame 356: Headcount 23.7 -> 200
Frame 357: Headcount 23.8 -> 200
Frame 358: Headcount 23.7 -> 200
Frame 359: Headcount 24.1 -> 200
Frame 360: Headcount 23.8 -> 200
Frame 361: Headcount 21.9 -> 200
Frame 362: Headcount 21.9 -> 200
Frame 363: Headcount 23.3 -> 200
Frame 364: Headcount 23.7 -> 200
Frame 365: Headcount 23.9 -> 200
Frame 366: Headcount 23.6 -> 200
Frame 367: Headcount 23.7 -> 200
Frame 368: Headcount 23.1 -> 200
Frame 369: Headcount 23.2 -> 200
Frame 370: Headcount 23.1 -> 200
Frame 371: Headcount 21.5 -> 200
Frame 372: Headcount 21.7 -> 200
Frame 373: Headcount 22.2 -> 200
Frame 374: Headcount 22.2 -> 200
Frame 375: Headcount 22.4 -> 200
Frame 376: Headcount 23.3 -> 200
Frame 377: Headcount 23.3 -> 200
Frame 378: Headcount 25.1 -> 200
Frame 379: Headcount 24.8 -> 200
Frame 380: Headcount 25.0 -> 200
Frame 381: Headcount 25.3 -> 200
Frame 382: Headcount 24.9 -> 200
Frame 383: Headcount 26.4 -> 200
Frame 384: Headcount 25.9 -> 200
Frame 385: Headcount 26.0 -> 200
Frame 386: Headcount 23.9 -> 200
Frame 387: Headcount 24.0 -> 200
Frame 388: Headcount 22.8 -> 200
Frame 389: Headcount 22.9 -> 200
Frame 390: Headcount 22.9 -> 200
Frame 391: Headcount 20.0 -> 200
Frame 392: Headcount 19.8 -> 200
Frame 393: Headcount 24.9 -> 200
Frame 394: Headcount 25.4 -> 200
Frame 395: Headcount 25.3 -> 200
Frame 396: Headcount 23.9 -> 200
Frame 397: Headcount 23.7 -> 200
Frame 398: Headcount 22.0 -> 200
Frame 399: Headcount 22.1 -> 200
Frame 400: Headcount 22.1 -> 200
Frame 401: Headcount 20.8 -> 200
Frame 402: Headcount 20.7 -> 200
Frame 403: Headcount 22.3 -> 200
Frame 404: Headcount 22.5 -> 200
Frame 405: Headcount 22.5 -> 200
Frame 406: Headcount 21.2 -> 200
Frame 407: Headcount 21.2 -> 200
Frame 408: Headcount 20.6 -> 200
Frame 409: Headcount 20.8 -> 200
Frame 410: Headcount 20.6 -> 200
Frame 411: Headcount 22.1 -> 200
Frame 412: Headcount 21.9 -> 200
Frame 413: Headcount 23.2 -> 200
Frame 414: Headcount 23.0 -> 200
Frame 415: Headcount 23.0 -> 200
Frame 416: Headcount 21.5 -> 200
Frame 417: Headcount 21.7 -> 200
Frame 418: Headcount 20.4 -> 200
Frame 419: Headcount 20.3 -> 200
Frame 420: Headcount 20.5 -> 200
Frame 421: Headcount 19.9 -> 200
Frame 422: Headcount 19.9 -> 200
Frame 423: Headcount 20.9 -> 200
Frame 424: Headcount 21.1 -> 200
Frame 425: Headcount 21.0 -> 200
Frame 426: Headcount 22.5 -> 200
Frame 427: Headcount 22.5 -> 200
Frame 428: Headcount 23.5 -> 200
Frame 429: Headcount 24.0 -> 200
Frame 430: Headcount 24.1 -> 200
Frame 431: Headcount 25.4 -> 200
Frame 432: Headcount 25.5 -> 200
Frame 433: Headcount 23.4 -> 200
Frame 434: Headcount 23.9 -> 200
Frame 435: Headcount 24.0 -> 200
Frame 436: Headcount 22.6 -> 200
Frame 437: Headcount 22.3 -> 200
Frame 438: Headcount 23.2 -> 200
Frame 439: Headcount 23.2 -> 200
Frame 440: Headcount 23.1 -> 200
Frame 441: Headcount 23.0 -> 200
Frame 442: Headcount 22.8 -> 200
Frame 443: Headcount 21.2 -> 200
Frame 444: Headcount 21.2 -> 200
Frame 445: Headcount 21.3 -> 200
Frame 446: Headcount 22.0 -> 200
Frame 447: Headcount 22.1 -> 200
Frame 448: Headcount 22.4 -> 200
Frame 449: Headcount 22.3 -> 200
Frame 450: Headcount 22.5 -> 200
Frame 451: Headcount 21.7 -> 200
Frame 452: Headcount 21.7 -> 200
Frame 453: Headcount 22.8 -> 200
Frame 454: Headcount 22.9 -> 200
Frame 455: Headcount 23.2 -> 200
Frame 456: Headcount 23.2 -> 200
Frame 457: Headcount 22.9 -> 200
Frame 458: Headcount 25.1 -> 200
Frame 459: Headcount 25.2 -> 200
Frame 460: Headcount 25.0 -> 200
Frame 461: Headcount 25.6 -> 200
Frame 462: Headcount 25.0 -> 200
Frame 463: Headcount 24.3 -> 200
Frame 464: Headcount 23.4 -> 200
Frame 465: Headcount 23.4 -> 200
Frame 466: Headcount 21.4 -> 200
Frame 467: Headcount 21.6 -> 200
Frame 468: Headcount 21.3 -> 200
Frame 469: Headcount 21.5 -> 200
Frame 470: Headcount 21.6 -> 200
Frame 471: Headcount 22.9 -> 200
Frame 472: Headcount 23.3 -> 200
Frame 473: Headcount 23.1 -> 200
Frame 474: Headcount 23.1 -> 200
Frame 475: Headcount 23.2 -> 200
Frame 476: Headcount 23.9 -> 200
Frame 477: Headcount 23.8 -> 200
Frame 478: Headcount 21.7 -> 200
Frame 479: Headcount 21.7 -> 200
Frame 480: Headcount 21.9 -> 200
Frame 481: Headcount 19.9 -> 200
Frame 482: Headcount 19.8 -> 200
Frame 483: Headcount 22.5 -> 200
Frame 484: Headcount 22.6 -> 200
Frame 485: Headcount 22.6 -> 200
Frame 486: Headcount 22.6 -> 200
Frame 487: Headcount 22.9 -> 200
Frame 488: Headcount 21.9 -> 200
Frame 489: Headcount 22.1 -> 200
Frame 490: Headcount 21.7 -> 200
Frame 491: Headcount 20.7 -> 200
Frame 492: Headcount 20.7 -> 200
Frame 493: Headcount 19.8 -> 200
Frame 494: Headcount 19.7 -> 200
Frame 495: Headcount 20.3 -> 200
Frame 496: Headcount 19.9 -> 200
Frame 497: Headcount 19.9 -> 200
Frame 498: Headcount 21.4 -> 200
Frame 499: Headcount 21.3 -> 200
Frame 500: Headcount 21.5 -> 200
Frame 501: Headcount 23.3 -> 200
Frame 502: Headcount 23.3 -> 200
Frame 503: Headcount 25.8 -> 200
Frame 504: Headcount 25.9 -> 200
Frame 505: Headcount 25.9 -> 200
Frame 506: Headcount 25.4 -> 200
Frame 507: Headcount 25.1 -> 200
Frame 508: Headcount 23.6 -> 200
Frame 509: Headcount 23.5 -> 200
Frame 510: Headcount 23.6 -> 200
Frame 511: Headcount 22.3 -> 200
Frame 512: Headcount 22.6 -> 200
Frame 513: Headcount 21.3 -> 200
Frame 514: Headcount 21.1 -> 200
Frame 515: Headcount 21.0 -> 200
Frame 516: Headcount 21.4 -> 200
Frame 517: Headcount 21.4 -> 200
Frame 518: Headcount 21.1 -> 200
Frame 519: Headcount 21.2 -> 200
Frame 520: Headcount 21.4 -> 200
Frame 521: Headcount 21.7 -> 200
Frame 522: Headcount 21.8 -> 200
Frame 523: Headcount 24.0 -> 200
Frame 524: Headcount 24.0 -> 200
Frame 525: Headcount 23.9 -> 200
Frame 526: Headcount 23.8 -> 200
Frame 527: Headcount 23.9 -> 200
Frame 528: Headcount 24.5 -> 200
Frame 529: Headcount 24.7 -> 200
Frame 530: Headcount 24.3 -> 200
Frame 531: Headcount 25.3 -> 200
Frame 532: Headcount 25.3 -> 200
Frame 533: Headcount 23.9 -> 200
Frame 534: Headcount 24.1 -> 200
Frame 535: Headcount 24.1 -> 200
Frame 536: Headcount 24.8 -> 200
Frame 537: Headcount 24.7 -> 200
Frame 538: Headcount 24.1 -> 200
Frame 539: Headcount 24.2 -> 200
Frame 540: Headcount 24.1 -> 200
Frame 541: Headcount 24.1 -> 200
Frame 542: Headcount 24.1 -> 200
Frame 543: Headcount 24.4 -> 200
Frame 544: Headcount 24.4 -> 200
Frame 545: Headcount 23.9 -> 200
Frame 546: Headcount 23.8 -> 200
Frame 547: Headcount 23.9 -> 200
Frame 548: Headcount 24.8 -> 200
Frame 549: Headcount 24.6 -> 200
Frame 550: Headcount 25.1 -> 200
Frame 551: Headcount 26.0 -> 200
Frame 552: Headcount 26.1 -> 200
Frame 553: Headcount 27.2 -> 200
Frame 554: Headcount 27.3 -> 200
Frame 555: Headcount 27.4 -> 200
Frame 556: Headcount 24.7 -> 200
Frame 557: Headcount 24.8 -> 200
Frame 558: Headcount 26.7 -> 200
Frame 559: Headcount 26.6 -> 200
Frame 560: Headcount 26.4 -> 200
Frame 561: Headcount 24.8 -> 200
Frame 562: Headcount 24.6 -> 200
Frame 563: Headcount 25.2 -> 200
Frame 564: Headcount 24.9 -> 200
Frame 565: Headcount 24.7 -> 200
Frame 566: Headcount 25.8 -> 200
Frame 567: Headcount 26.0 -> 200
Frame 568: Headcount 28.4 -> 200
Frame 569: Headcount 28.7 -> 200
Frame 570: Headcount 28.4 -> 200
Frame 571: Headcount 28.3 -> 200
Frame 572: Headcount 28.1 -> 200
Frame 573: Headcount 27.9 -> 200
Frame 574: Headcount 28.3 -> 200
Frame 575: Headcount 28.5 -> 200
Frame 576: Headcount 27.1 -> 200
Frame 577: Headcount 27.3 -> 200
Frame 578: Headcount 27.0 -> 200
Frame 579: Headcount 26.8 -> 200
Frame 580: Headcount 26.5 -> 200
Frame 581: Headcount 24.4 -> 200
Frame 582: Headcount 24.6 -> 200
Frame 583: Headcount 25.1 -> 200
Frame 584: Headcount 24.9 -> 200
Frame 585: Headcount 24.9 -> 200
Frame 586: Headcount 24.0 -> 200
Frame 587: Headcount 24.9 -> 200
Frame 588: Headcount 27.0 -> 200
Frame 589: Headcount 27.5 -> 200
Frame 590: Headcount 26.8 -> 200
Frame 591: Headcount 26.4 -> 200
Frame 592: Headcount 26.5 -> 200
Frame 593: Headcount 28.9 -> 200
Frame 594: Headcount 28.7 -> 200
Frame 595: Headcount 28.7 -> 200
Frame 596: Headcount 27.2 -> 200
Frame 597: Headcount 27.6 -> 200
Frame 598: Headcount 27.3 -> 200
Frame 599: Headcount 27.2 -> 200
Frame 600: Headcount 26.6 -> 200
Frame 601: Headcount 25.6 -> 200
Frame 602: Headcount 25.4 -> 200
Frame 603: Headcount 28.1 -> 200
Frame 604: Headcount 28.4 -> 200
Frame 605: Headcount 28.4 -> 200
Frame 606: Headcount 27.9 -> 200
Frame 607: Headcount 27.4 -> 200
Frame 608: Headcount 26.3 -> 200
Frame 609: Headcount 26.1 -> 200
Frame 610: Headcount 26.5 -> 200
Frame 611: Headcount 27.8 -> 200
Frame 612: Headcount 28.2 -> 200
Frame 613: Headcount 27.3 -> 200
Frame 614: Headcount 27.4 -> 200
Frame 615: Headcount 27.2 -> 200
Frame 616: Headcount 26.6 -> 200
Frame 617: Headcount 26.4 -> 200
Frame 618: Headcount 30.1 -> 200
Frame 619: Headcount 29.7 -> 200
Frame 620: Headcount 29.7 -> 200
Frame 621: Headcount 29.2 -> 200
Frame 622: Headcount 29.4 -> 200
Frame 623: Headcount 30.4 -> 200
Frame 624: Headcount 30.3 -> 200
Frame 625: Headcount 30.6 -> 200
Frame 626: Headcount 26.8 -> 200
Frame 627: Headcount 26.8 -> 200
Frame 628: Headcount 28.2 -> 200
Frame 629: Headcount 28.2 -> 200
Frame 630: Headcount 28.2 -> 200
Frame 631: Headcount 27.2 -> 200
Frame 632: Headcount 27.4 -> 200
Frame 633: Headcount 27.5 -> 200
Frame 634: Headcount 27.7 -> 200
Frame 635: Headcount 27.5 -> 200
Frame 636: Headcount 25.6 -> 200
Frame 637: Headcount 25.6 -> 200
Frame 638: Headcount 25.5 -> 200
Frame 639: Headcount 25.5 -> 200
Frame 640: Headcount 25.5 -> 200
Frame 641: Headcount 24.8 -> 200
Frame 642: Headcount 24.8 -> 200
Frame 643: Headcount 24.6 -> 200
Frame 644: Headcount 24.2 -> 200
Frame 645: Headcount 24.4 -> 200
Frame 646: Headcount 26.9 -> 200
Frame 647: Headcount 26.7 -> 200
Frame 648: Headcount 25.1 -> 200
Frame 649: Headcount 25.6 -> 200
Frame 650: Headcount 25.3 -> 200
Frame 651: Headcount 25.0 -> 200
Frame 652: Headcount 24.7 -> 200
Frame 653: Headcount 26.3 -> 200
Frame 654: Headcount 26.8 -> 200
Frame 655: Headcount 26.6 -> 200
Frame 656: Headcount 25.9 -> 200
Frame 657: Headcount 26.0 -> 200
Frame 658: Headcount 25.8 -> 200
Frame 659: Headcount 25.6 -> 200
Frame 660: Headcount 25.8 -> 200
Frame 661: Headcount 24.9 -> 200
Frame 662: Headcount 25.2 -> 200
Frame 663: Headcount 24.4 -> 200
Frame 664: Headcount 24.7 -> 200
Frame 665: Headcount 24.9 -> 200
Frame 666: Headcount 25.0 -> 200
Frame 667: Headcount 24.8 -> 200
Frame 668: Headcount 23.8 -> 200
Frame 669: Headcount 23.8 -> 200
Frame 670: Headcount 23.9 -> 200
Frame 671: Headcount 23.4 -> 200
Frame 672: Headcount 23.4 -> 200
Frame 673: Headcount 23.0 -> 200
Frame 674: Headcount 23.1 -> 200
Frame 675: Headcount 23.1 -> 200
Frame 676: Headcount 21.1 -> 200
Frame 677: Headcount 21.6 -> 200
Frame 678: Headcount 23.1 -> 200
Frame 679: Headcount 22.7 -> 200
Frame 680: Headcount 22.9 -> 200
Frame 681: Headcount 22.5 -> 200
Frame 682: Headcount 22.3 -> 200
Frame 683: Headcount 25.9 -> 200
Frame 684: Headcount 26.0 -> 200
Frame 685: Headcount 25.9 -> 200
Frame 686: Headcount 28.5 -> 200
Frame 687: Headcount 28.3 -> 200
Frame 688: Headcount 27.3 -> 200
Frame 689: Headcount 27.3 -> 200
Frame 690: Headcount 27.5 -> 200
Frame 691: Headcount 25.8 -> 200
Frame 692: Headcount 26.2 -> 200
Frame 693: Headcount 24.7 -> 200
Frame 694: Headcount 24.2 -> 200
Frame 695: Headcount 24.6 -> 200
Frame 696: Headcount 26.9 -> 200
Frame 697: Headcount 27.0 -> 200
Frame 698: Headcount 25.4 -> 200
Frame 699: Headcount 25.6 -> 200
Frame 700: Headcount 26.1 -> 200
Frame 701: Headcount 24.0 -> 200
Frame 702: Headcount 24.0 -> 200
Frame 703: Headcount 24.0 -> 200
Frame 704: Headcount 24.2 -> 200
Frame 705: Headcount 24.4 -> 200
Frame 706: Headcount 23.8 -> 200
Frame 707: Headcount 23.9 -> 200
Frame 708: Headcount 22.9 -> 200
Frame 709: Headcount 22.9 -> 200
Frame 710: Headcount 22.9 -> 200
Frame 711: Headcount 25.8 -> 200
Frame 712: Headcount 25.3 -> 200
Frame 713: Headcount 24.0 -> 200
Frame 714: Headcount 24.0 -> 200
Frame 715: Headcount 24.1 -> 200
Frame 716: Headcount 24.7 -> 200
Frame 717: Headcount 24.9 -> 200
Frame 718: Headcount 27.5 -> 200
Frame 719: Headcount 27.4 -> 200
Frame 720: Headcount 27.4 -> 200
Frame 721: Headcount 25.2 -> 200
Frame 722: Headcount 25.5 -> 200
Frame 723: Headcount 26.9 -> 200
Frame 724: Headcount 26.5 -> 200
Frame 725: Headcount 26.4 -> 200
Frame 726: Headcount 24.9 -> 200
Frame 727: Headcount 24.9 -> 200
Frame 728: Headcount 25.9 -> 200
Frame 729: Headcount 26.2 -> 200
Frame 730: Headcount 26.2 -> 200
Frame 731: Headcount 24.9 -> 200
Frame 732: Headcount 24.9 -> 200
Frame 733: Headcount 25.6 -> 200
Frame 734: Headcount 25.7 -> 200
Frame 735: Headcount 25.6 -> 200
Frame 736: Headcount 27.1 -> 200
Frame 737: Headcount 26.9 -> 200
Frame 738: Headcount 25.3 -> 200
Frame 739: Headcount 25.3 -> 200
Frame 740: Headcount 25.7 -> 200
Frame 741: Headcount 25.3 -> 200
Frame 742: Headcount 25.2 -> 200
Frame 743: Headcount 27.4 -> 200
Frame 744: Headcount 27.1 -> 200
Frame 745: Headcount 27.2 -> 200
Frame 746: Headcount 26.6 -> 200
Frame 747: Headcount 26.7 -> 200
Frame 748: Headcount 27.4 -> 200
Frame 749: Headcount 27.4 -> 200
Frame 750: Headcount 27.6 -> 200
Frame 751: Headcount 26.4 -> 200
Frame 752: Headcount 26.4 -> 200
Frame 753: Headcount 26.5 -> 200
Frame 754: Headcount 26.4 -> 200
Frame 755: Headcount 26.5 -> 200
Frame 756: Headcount 25.7 -> 200
Frame 757: Headcount 25.9 -> 200
Frame 758: Headcount 25.0 -> 200
Frame 759: Headcount 24.8 -> 200
Frame 760: Headcount 25.1 -> 200
Frame 761: Headcount 25.5 -> 200
Frame 762: Headcount 25.4 -> 200
Frame 763: Headcount 26.8 -> 200
Frame 764: Headcount 27.0 -> 200
Frame 765: Headcount 27.1 -> 200
Frame 766: Headcount 26.9 -> 200
Frame 767: Headcount 26.6 -> 200
Frame 768: Headcount 24.8 -> 200
Frame 769: Headcount 24.9 -> 200
Frame 770: Headcount 25.0 -> 200
Frame 771: Headcount 25.0 -> 200
Frame 772: Headcount 25.0 -> 200
Frame 773: Headcount 25.7 -> 200
Frame 774: Headcount 25.5 -> 200
Frame 775: Headcount 25.4 -> 200
Frame 776: Headcount 22.6 -> 200
Frame 777: Headcount 22.5 -> 200
Frame 778: Headcount 23.2 -> 200
Frame 779: Headcount 23.2 -> 200
Frame 780: Headcount 23.0 -> 200
Frame 781: Headcount 22.9 -> 200
Frame 782: Headcount 22.9 -> 200
Frame 783: Headcount 22.6 -> 200
Frame 784: Headcount 22.7 -> 200
Frame 785: Headcount 22.8 -> 200
Frame 786: Headcount 20.4 -> 200
Frame 787: Headcount 20.6 -> 200
Frame 788: Headcount 20.0 -> 200
Frame 789: Headcount 20.0 -> 200
Frame 790: Headcount 19.8 -> 200
Frame 791: Headcount 20.2 -> 200
Frame 792: Headcount 20.2 -> 200
Frame 793: Headcount 19.6 -> 200
Frame 794: Headcount 20.1 -> 200
Frame 795: Headcount 19.9 -> 200
Frame 796: Headcount 20.9 -> 200
Frame 797: Headcount 20.9 -> 200
Frame 798: Headcount 19.1 -> 200
Frame 799: Headcount 19.2 -> 200
Frame 800: Headcount 19.1 -> 200
Frame 801: Headcount 19.4 -> 200
Frame 802: Headcount 19.5 -> 200
Frame 803: Headcount 20.9 -> 200
Frame 804: Headcount 20.8 -> 200
Frame 805: Headcount 20.5 -> 200
Frame 806: Headcount 20.7 -> 200
Frame 807: Headcount 20.7 -> 200
Frame 808: Headcount 20.7 -> 200
Frame 809: Headcount 20.8 -> 200
Frame 810: Headcount 20.9 -> 200
Frame 811: Headcount 20.4 -> 200
Frame 812: Headcount 20.3 -> 200
Frame 813: Headcount 18.8 -> 200
Frame 814: Headcount 19.3 -> 200
Frame 815: Headcount 19.6 -> 200
Frame 816: Headcount 18.0 -> 200
Frame 817: Headcount 18.0 -> 200
Frame 818: Headcount 18.0 -> 200
Frame 819: Headcount 18.0 -> 200
Frame 820: Headcount 17.9 -> 200
Frame 821: Headcount 18.3 -> 200
Frame 822: Headcount 18.3 -> 200
Frame 823: Headcount 18.3 -> 200
Frame 824: Headcount 18.1 -> 200
Frame 825: Headcount 18.0 -> 200
Frame 826: Headcount 19.3 -> 200
Frame 827: Headcount 19.4 -> 200
Frame 828: Headcount 19.9 -> 200
Frame 829: Headcount 19.8 -> 200
Frame 830: Headcount 19.6 -> 200
Frame 831: Headcount 19.7 -> 200
Frame 832: Headcount 19.4 -> 200
Frame 833: Headcount 18.9 -> 200
Frame 834: Headcount 18.8 -> 200
Frame 835: Headcount 19.0 -> 200
Frame 836: Headcount 18.3 -> 200
Frame 837: Headcount 18.0 -> 200
Frame 838: Headcount 18.3 -> 200
Frame 839: Headcount 18.4 -> 200
Frame 840: Headcount 18.1 -> 200
Frame 841: Headcount 18.0 -> 200
Frame 842: Headcount 18.0 -> 200
Frame 843: Headcount 17.7 -> 200
Frame 844: Headcount 17.3 -> 200
Frame 845: Headcount 17.3 -> 200
Frame 846: Headcount 17.9 -> 200
Frame 847: Headcount 17.8 -> 200
Frame 848: Headcount 19.1 -> 200
Frame 849: Headcount 19.1 -> 200
Frame 850: Headcount 18.9 -> 200
Frame 851: Headcount 18.3 -> 200
Frame 852: Headcount 18.3 -> 200
Frame 853: Headcount 17.8 -> 200
Frame 854: Headcount 18.1 -> 200
Frame 855: Headcount 18.0 -> 200
Frame 856: Headcount 18.7 -> 200
Frame 857: Headcount 18.5 -> 200
Frame 858: Headcount 19.4 -> 200
Frame 859: Headcount 19.3 -> 200
Frame 860: Headcount 19.3 -> 200
Frame 861: Headcount 19.2 -> 200
Frame 862: Headcount 19.3 -> 200
Frame 863: Headcount 18.8 -> 200
Frame 864: Headcount 18.9 -> 200
Frame 865: Headcount 18.9 -> 200
Frame 866: Headcount 19.4 -> 200
Frame 867: Headcount 19.3 -> 200
Frame 868: Headcount 18.8 -> 200
Frame 869: Headcount 18.9 -> 200
Frame 870: Headcount 19.3 -> 200
Frame 871: Headcount 19.6 -> 200
Frame 872: Headcount 19.7 -> 200
Frame 873: Headcount 19.0 -> 200
Frame 874: Headcount 19.1 -> 200
Frame 875: Headcount 19.1 -> 200
Frame 876: Headcount 17.2 -> 200
Frame 877: Headcount 17.1 -> 200
Frame 878: Headcount 17.8 -> 200
Frame 879: Headcount 17.5 -> 200
Frame 880: Headcount 18.2 -> 200
Frame 881: Headcount 17.7 -> 200
Frame 882: Headcount 17.4 -> 200
Frame 883: Headcount 18.7 -> 200
Frame 884: Headcount 18.6 -> 200
Frame 885: Headcount 18.6 -> 200
Frame 886: Headcount 19.2 -> 200
Frame 887: Headcount 19.3 -> 200
Frame 888: Headcount 18.5 -> 200
Frame 889: Headcount 18.7 -> 200
Frame 890: Headcount 18.6 -> 200
Frame 891: Headcount 18.5 -> 200
Frame 892: Headcount 18.5 -> 200
Frame 893: Headcount 18.8 -> 200
Frame 894: Headcount 18.7 -> 200
Frame 895: Headcount 18.8 -> 200
Frame 896: Headcount 18.1 -> 200
Frame 897: Headcount 18.1 -> 200
Frame 898: Headcount 18.4 -> 200
Frame 899: Headcount 18.4 -> 200
Frame 900: Headcount 18.4 -> 200
Frame 901: Headcount 18.6 -> 200
Frame 902: Headcount 18.4 -> 200
Frame 903: Headcount 19.0 -> 200
Frame 904: Headcount 18.9 -> 200
Frame 905: Headcount 18.9 -> 200
Frame 906: Headcount 19.8 -> 200
[StreamProcessor] End of file. Looping…
Frame 907: Headcount 22.4 -> 200
Frame 908: Headcount 22.1 -> 200
Frame 909: Headcount 22.5 -> 200
Frame 910: Headcount 22.7 -> 200
Frame 911: Headcount 22.5 -> 200
Frame 912: Headcount 25.5 -> 200
Frame 913: Headcount 25.7 -> 200
Frame 914: Headcount 26.4 -> 200
Frame 915: Headcount 26.6 -> 200
Frame 916: Headcount 26.4 -> 200
Frame 917: Headcount 26.9 -> 200
Frame 918: Headcount 26.6 -> 200
Frame 919: Headcount 26.8 -> 200
Frame 920: Headcount 26.5 -> 200
Frame 921: Headcount 26.5 -> 200
Frame 922: Headcount 26.4 -> 200
Frame 923: Headcount 26.3 -> 200
Frame 924: Headcount 27.5 -> 200
Frame 925: Headcount 27.5 -> 200
Frame 926: Headcount 27.2 -> 200
Frame 927: Headcount 26.1 -> 200
Frame 928: Headcount 26.1 -> 200
Frame 929: Headcount 25.0 -> 200
Frame 930: Headcount 25.2 -> 200
Frame 931: Headcount 25.8 -> 200
Frame 932: Headcount 23.6 -> 200
Frame 933: Headcount 23.6 -> 200
Frame 934: Headcount 24.1 -> 200
Frame 935: Headcount 24.2 -> 200
Frame 936: Headcount 23.7 -> 200
Frame 937: Headcount 24.4 -> 200
Frame 938: Headcount 24.2 -> 200
Frame 939: Headcount 25.8 -> 200
Frame 940: Headcount 25.2 -> 200
Frame 941: Headcount 25.3 -> 200
Frame 942: Headcount 24.8 -> 200
Frame 943: Headcount 24.6 -> 200
Frame 944: Headcount 23.4 -> 200
Frame 945: Headcount 23.3 -> 200
Frame 946: Headcount 23.6 -> 200
Frame 947: Headcount 24.5 -> 200
Frame 948: Headcount 25.0 -> 200
Frame 949: Headcount 25.1 -> 200
Frame 950: Headcount 25.4 -> 200
Frame 951: Headcount 25.3 -> 200
Frame 952: Headcount 27.5 -> 200
Frame 953: Headcount 27.5 -> 200
Frame 954: Headcount 30.8 -> 200
Frame 955: Headcount 30.8 -> 200
Frame 956: Headcount 30.7 -> 200
Frame 957: Headcount 28.7 -> 200
C:\Users\ADITYA GUPTA\Downloads\DEP_main\SkyWatch\backend\venv\lib\site-packages\timm\models\layers\__init__.py:49: FutureWarning: Importing from timm.models.layers is deprecated, please import via timm.layers
  warnings.warn(f"Importing from {__name__} is deprecated, please import via timm.layers", FutureWarning)
C:\Users\ADITYA GUPTA\Downloads\DEP_main\SkyWatch\backend\venv\lib\site-packages\timm\models\registry.py:4: FutureWarning: Importing from timm.models.registry is deprecated, please import via timm.models
  warnings.warn(f"Importing from {__name__} is deprecated, please import via timm.models", FutureWarning)
